<html>
<body>
<pre>
<h1>µVision Build Log</h1>
<h2>Tool Versions:</h2>
IDE-Version: µVision V5.17.0.0
Copyright (C) 2015 ARM Ltd and ARM Germany GmbH. All rights reserved.
License Information: Mia Nguyen, Individual, LIC=MPP74-F4Z7F-SY2VA-1JR3I-K5DIW-62T2I
 
Tool Versions:
Toolchain:       MDK-ARM Standard  Version: 5.17
Toolchain Path:  C:\Keil_v5\ARM\ARMCC\Bin
C Compiler:      Armcc.exe V5.06 update 1 (build 61)
Assembler:       Armasm.exe V5.06 update 1 (build 61)
Linker/Locator:  ArmLink.exe V5.06 update 1 (build 61)
Library Manager: ArmAr.exe V5.06 update 1 (build 61)
Hex Converter:   FromElf.exe V5.06 update 1 (build 61)
CPU DLL:         SARMCM3.DLL V5.17
Dialog DLL:      DCM.DLL V1.13.4.0
Target DLL:      STLink\ST-LINKIII-KEIL_SWO.dll V2.0.18.0
Dialog DLL:      TCM.DLL V1.14.6.0
 
<h2>Project:</h2>
H:\2. CODE PRACTICING\3. ARM\STMF10x\1. Practice\12. PID\PID_4\Project\PID_4.uvprojx
Project File Date:  02/19/2019

<h2>Output:</h2>
*** Using Compiler 'V5.06 update 1 (build 61)', folder: 'C:\Keil_v5\ARM\ARMCC\Bin'
Rebuild target 'PID_4'
compiling stm32f10x_it.c...
..\Source\Source_DIY\inc\User_interrupt.h(14): warning:  #1-D: last line of file ends without a newline
  #endif
..\Source\Source_DIY\inc\Usart_serial.h(17): warning:  #1-D: last line of file ends without a newline
  #endif
..\Source\Source_DIY\inc\GPIO_Configuration.h(14): warning:  #1-D: last line of file ends without a newline
  #endif
..\Source\Source_DIY\inc\GPIO_Configuration.h(14): warning:  #1-D: last line of file ends without a newline
  #endif
..\Source\stm32f10x_it.c: 4 warnings, 0 errors
compiling main.c...
..\Source\Source_DIY\inc\Usart_serial.h(17): warning:  #1-D: last line of file ends without a newline
  #endif
..\Source\Source_DIY\inc\User_interrupt.h(14): warning:  #1-D: last line of file ends without a newline
  #endif
..\Source\Source_DIY\inc\GPIO_Configuration.h(14): warning:  #1-D: last line of file ends without a newline
  #endif
..\Source\Source_DIY\inc\GPIO_Configuration.h(14): warning:  #1-D: last line of file ends without a newline
  #endif
..\Source\Source_DIY\inc\Encoder_Configuration.h(8): warning:  #1-D: last line of file ends without a newline
  #endif
..\Source\Source_DIY\inc\DC_Motor_Control.h(13): warning:  #1-D: last line of file ends without a newline
  #endif
..\Source\Source_DIY\inc\DC_Motor_Control.h(13): warning:  #1-D: last line of file ends without a newline
  #endif
..\Source\main.c(59): warning:  #1-D: last line of file ends without a newline
  /***********************************************************************/	
..\Source\main.c: 8 warnings, 0 errors
compiling system_stm32f10x.c...
compiling core_cm3.c...
compiling misc.c...
compiling stm32f10x_adc.c...
compiling stm32f10x_exti.c...
compiling stm32f10x_flash.c...
compiling stm32f10x_gpio.c...
compiling stm32f10x_rcc.c...
compiling stm32f10x_sdio.c...
assembling startup_stm32f10x_md.s...
compiling stm32f10x_usart.c...
compiling stm32f10x_tim.c...
compiling DC_Motor_Control.c...
..\Source\Source_DIY\inc\DC_Motor_Control.h(13): warning:  #1-D: last line of file ends without a newline
  #endif
..\Source\Source_DIY\inc\DC_Motor_Control.h(13): warning:  #1-D: last line of file ends without a newline
  #endif
..\Source\Source_DIY\src\DC_Motor_Control.c(86): warning:  #1-D: last line of file ends without a newline
  	}
..\Source\Source_DIY\src\DC_Motor_Control.c: 3 warnings, 0 errors
compiling delay.c...
compiling Encoder_Configuration.c...
..\Source\Source_DIY\inc\Encoder_Configuration.h(8): warning:  #1-D: last line of file ends without a newline
  #endif
..\Source\Source_DIY\inc\Usart_serial.h(17): warning:  #1-D: last line of file ends without a newline
  #endif
..\Source\Source_DIY\src\Encoder_Configuration.c: 2 warnings, 0 errors
compiling GPIO_Configuration.c...
..\Source\Source_DIY\inc\GPIO_Configuration.h(14): warning:  #1-D: last line of file ends without a newline
  #endif
..\Source\Source_DIY\inc\GPIO_Configuration.h(14): warning:  #1-D: last line of file ends without a newline
  #endif
..\Source\Source_DIY\src\GPIO_Configuration.c: 2 warnings, 0 errors
compiling User_interrupt.c...
..\Source\Source_DIY\inc\Usart_serial.h(17): warning:  #1-D: last line of file ends without a newline
  #endif
..\Source\Source_DIY\inc\User_interrupt.h(14): warning:  #1-D: last line of file ends without a newline
  #endif
..\Source\Source_DIY\inc\GPIO_Configuration.h(14): warning:  #1-D: last line of file ends without a newline
  #endif
..\Source\Source_DIY\inc\GPIO_Configuration.h(14): warning:  #1-D: last line of file ends without a newline
  #endif
..\Source\Source_DIY\inc\Encoder_Configuration.h(8): warning:  #1-D: last line of file ends without a newline
  #endif
..\Source\Source_DIY\inc\DC_Motor_Control.h(13): warning:  #1-D: last line of file ends without a newline
  #endif
..\Source\Source_DIY\inc\DC_Motor_Control.h(13): warning:  #1-D: last line of file ends without a newline
  #endif
..\Source\Source_DIY\src\User_interrupt.c: 7 warnings, 0 errors
compiling Usart_serial.c...
..\Source\Source_DIY\inc\usart_serial.h(17): warning:  #1-D: last line of file ends without a newline
  #endif
..\Source\Source_DIY\src\Usart_serial.c: 1 warning, 0 errors
linking...
Program Size: Code=5928 RO-data=268 RW-data=148 ZI-data=1060  
FromELF: creating hex file...
".\PID_4.axf" - 0 Error(s), 27 Warning(s).

<h2>Collection of Component include folders:</h2>
  H:\2. CODE PRACTICING\3. ARM\STMF10x\1. Practice\12. PID\PID_4\Project\RTE
  C:\Keil_v5\ARM\PACK\Keil\STM32F1xx_DFP\2.2.0\Device\Include

<h2>Collection of Component Files used:</h2>
Build Time Elapsed:  00:00:08
</pre>
</body>
</html>
