<html>
<body>
<pre>
<h1>µVision Build Log</h1>
<h2>Tool Versions:</h2>
IDE-Version: µVision V5.17.0.0
Copyright (C) 2015 ARM Ltd and ARM Germany GmbH. All rights reserved.
License Information: Mia Nguyen, Individual, LIC=MPP74-F4Z7F-SY2VA-1JR3I-K5DIW-62T2I
 
Tool Versions:
Toolchain:       MDK-ARM Standard  Version: 5.17
Toolchain Path:  C:\Keil_v5\ARM\ARMCC\Bin
C Compiler:      Armcc.exe V5.06 update 1 (build 61)
Assembler:       Armasm.exe V5.06 update 1 (build 61)
Linker/Locator:  ArmLink.exe V5.06 update 1 (build 61)
Library Manager: ArmAr.exe V5.06 update 1 (build 61)
Hex Converter:   FromElf.exe V5.06 update 1 (build 61)
CPU DLL:         SARMCM3.DLL V5.17
Dialog DLL:      DCM.DLL V1.13.4.0
Target DLL:      STLink\ST-LINKIII-KEIL_SWO.dll V2.0.18.0
Dialog DLL:      TCM.DLL V1.14.6.0
 
<h2>Project:</h2>
H:\2. CODE PRACTICING\3. ARM\1. Practice\1. GPIO\Button\Project\BUTTON.uvprojx
Project File Date:  12/20/2018

<h2>Output:</h2>
*** Using Compiler 'V5.06 update 1 (build 61)', folder: 'C:\Keil_v5\ARM\ARMCC\Bin'
Rebuild target 'BUTTON'
compiling main.c...
..\Source\main.c(25): warning:  #188-D: enumerated type mixed with another type
  			GPIO_WriteBit(
PIOB, 
PIO_Pin_7, 1^GPIO_ReadInputDataBit(
PIOB, 
PIO_Pin_7));
..\Source\main.c(46): warning:  #1-D: last line of file ends without a newline
   
..\Source\main.c: 2 warnings, 0 errors
compiling stm32f10x_it.c...
compiling system_stm32f10x.c...
compiling core_cm3.c...
compiling misc.c...
compiling stm32f10x_adc.c...
compiling stm32f10x_dma.c...
compiling stm32f10x_exti.c...
compiling stm32f10x_flash.c...
compiling stm32f10x_gpio.c...
compiling stm32f10x_rcc.c...
compiling stm32f10x_sdio.c...
assembling startup_stm32f10x_md.s...
compiling stm32f10x_usart.c...
compiling delay.c...
compiling stm32f10x_tim.c...
linking...
Program Size: Code=1112 RO-data=268 RW-data=4 ZI-data=1028  
FromELF: creating hex file...
".\Objects\BUTTON.axf" - 0 Error(s), 2 Warning(s).

<h2>Collection of Component include folders:</h2>
  H:\2. CODE PRACTICING\3. ARM\1. Practice\1. GPIO\Button\Project\RTE
  C:\Keil_v5\ARM\PACK\Keil\STM32F1xx_DFP\2.2.0\Device\Include

<h2>Collection of Component Files used:</h2>
Build Time Elapsed:  00:00:10
</pre>
</body>
</html>
