Component: ARM Compiler 5.06 update 1 (build 61) Tool: armlink [4d35a8]

==============================================================================

Section Cross References

    main.o(i.main) refers to gpio_configuration.o(i.Motor_pin_Configuration) for Motor_pin_Configuration
    main.o(i.main) refers to gpio_configuration.o(i.Encoder_pin_Configuraton) for Encoder_pin_Configuraton
    main.o(i.main) refers to encoder_configuration.o(i.Encoder_System_Configuration) for Encoder_System_Configuration
    main.o(i.main) refers to encoder_configuration.o(i.Encoder_Configuration) for Encoder_Configuration
    main.o(i.main) refers to encoder_configuration.o(i.NVIC_Configuration) for NVIC_Configuration
    main.o(i.main) refers to dc_motor_control.o(i.PWM_Configuration) for PWM_Configuration
    system_stm32f10x.o(i.SetSysClock) refers to system_stm32f10x.o(i.SetSysClockTo72) for SetSysClockTo72
    system_stm32f10x.o(i.SystemCoreClockUpdate) refers to system_stm32f10x.o(.data) for SystemCoreClock
    system_stm32f10x.o(i.SystemInit) refers to system_stm32f10x.o(i.SetSysClock) for SetSysClock
    stm32f10x_adc.o(i.ADC_DeInit) refers to stm32f10x_rcc.o(i.RCC_APB2PeriphResetCmd) for RCC_APB2PeriphResetCmd
    stm32f10x_gpio.o(i.GPIO_AFIODeInit) refers to stm32f10x_rcc.o(i.RCC_APB2PeriphResetCmd) for RCC_APB2PeriphResetCmd
    stm32f10x_gpio.o(i.GPIO_DeInit) refers to stm32f10x_rcc.o(i.RCC_APB2PeriphResetCmd) for RCC_APB2PeriphResetCmd
    stm32f10x_rcc.o(i.RCC_GetClocksFreq) refers to stm32f10x_rcc.o(.data) for APBAHBPrescTable
    stm32f10x_rcc.o(i.RCC_WaitForHSEStartUp) refers to stm32f10x_rcc.o(i.RCC_GetFlagStatus) for RCC_GetFlagStatus
    stm32f10x_tim.o(i.TIM_DeInit) refers to stm32f10x_rcc.o(i.RCC_APB2PeriphResetCmd) for RCC_APB2PeriphResetCmd
    stm32f10x_tim.o(i.TIM_DeInit) refers to stm32f10x_rcc.o(i.RCC_APB1PeriphResetCmd) for RCC_APB1PeriphResetCmd
    stm32f10x_tim.o(i.TIM_ETRClockMode1Config) refers to stm32f10x_tim.o(i.TIM_ETRConfig) for TIM_ETRConfig
    stm32f10x_tim.o(i.TIM_ETRClockMode2Config) refers to stm32f10x_tim.o(i.TIM_ETRConfig) for TIM_ETRConfig
    stm32f10x_tim.o(i.TIM_ICInit) refers to stm32f10x_tim.o(i.TI1_Config) for TI1_Config
    stm32f10x_tim.o(i.TIM_ICInit) refers to stm32f10x_tim.o(i.TIM_SetIC1Prescaler) for TIM_SetIC1Prescaler
    stm32f10x_tim.o(i.TIM_ICInit) refers to stm32f10x_tim.o(i.TI2_Config) for TI2_Config
    stm32f10x_tim.o(i.TIM_ICInit) refers to stm32f10x_tim.o(i.TIM_SetIC2Prescaler) for TIM_SetIC2Prescaler
    stm32f10x_tim.o(i.TIM_ICInit) refers to stm32f10x_tim.o(i.TI3_Config) for TI3_Config
    stm32f10x_tim.o(i.TIM_ICInit) refers to stm32f10x_tim.o(i.TIM_SetIC3Prescaler) for TIM_SetIC3Prescaler
    stm32f10x_tim.o(i.TIM_ICInit) refers to stm32f10x_tim.o(i.TI4_Config) for TI4_Config
    stm32f10x_tim.o(i.TIM_ICInit) refers to stm32f10x_tim.o(i.TIM_SetIC4Prescaler) for TIM_SetIC4Prescaler
    stm32f10x_tim.o(i.TIM_ITRxExternalClockConfig) refers to stm32f10x_tim.o(i.TIM_SelectInputTrigger) for TIM_SelectInputTrigger
    stm32f10x_tim.o(i.TIM_PWMIConfig) refers to stm32f10x_tim.o(i.TI1_Config) for TI1_Config
    stm32f10x_tim.o(i.TIM_PWMIConfig) refers to stm32f10x_tim.o(i.TIM_SetIC1Prescaler) for TIM_SetIC1Prescaler
    stm32f10x_tim.o(i.TIM_PWMIConfig) refers to stm32f10x_tim.o(i.TI2_Config) for TI2_Config
    stm32f10x_tim.o(i.TIM_PWMIConfig) refers to stm32f10x_tim.o(i.TIM_SetIC2Prescaler) for TIM_SetIC2Prescaler
    stm32f10x_tim.o(i.TIM_TIxExternalClockConfig) refers to stm32f10x_tim.o(i.TI2_Config) for TI2_Config
    stm32f10x_tim.o(i.TIM_TIxExternalClockConfig) refers to stm32f10x_tim.o(i.TI1_Config) for TI1_Config
    stm32f10x_tim.o(i.TIM_TIxExternalClockConfig) refers to stm32f10x_tim.o(i.TIM_SelectInputTrigger) for TIM_SelectInputTrigger
    stm32f10x_usart.o(i.USART_DeInit) refers to stm32f10x_rcc.o(i.RCC_APB2PeriphResetCmd) for RCC_APB2PeriphResetCmd
    stm32f10x_usart.o(i.USART_DeInit) refers to stm32f10x_rcc.o(i.RCC_APB1PeriphResetCmd) for RCC_APB1PeriphResetCmd
    stm32f10x_usart.o(i.USART_Init) refers to stm32f10x_rcc.o(i.RCC_GetClocksFreq) for RCC_GetClocksFreq
    startup_stm32f10x_md.o(RESET) refers to startup_stm32f10x_md.o(STACK) for __initial_sp
    startup_stm32f10x_md.o(RESET) refers to startup_stm32f10x_md.o(.text) for Reset_Handler
    startup_stm32f10x_md.o(RESET) refers to stm32f10x_it.o(i.NMI_Handler) for NMI_Handler
    startup_stm32f10x_md.o(RESET) refers to stm32f10x_it.o(i.HardFault_Handler) for HardFault_Handler
    startup_stm32f10x_md.o(RESET) refers to stm32f10x_it.o(i.MemManage_Handler) for MemManage_Handler
    startup_stm32f10x_md.o(RESET) refers to stm32f10x_it.o(i.BusFault_Handler) for BusFault_Handler
    startup_stm32f10x_md.o(RESET) refers to stm32f10x_it.o(i.UsageFault_Handler) for UsageFault_Handler
    startup_stm32f10x_md.o(RESET) refers to stm32f10x_it.o(i.SVC_Handler) for SVC_Handler
    startup_stm32f10x_md.o(RESET) refers to stm32f10x_it.o(i.DebugMon_Handler) for DebugMon_Handler
    startup_stm32f10x_md.o(RESET) refers to stm32f10x_it.o(i.PendSV_Handler) for PendSV_Handler
    startup_stm32f10x_md.o(RESET) refers to stm32f10x_it.o(i.SysTick_Handler) for SysTick_Handler
    startup_stm32f10x_md.o(RESET) refers to stm32f10x_it.o(i.ADC1_2_IRQHandler) for ADC1_2_IRQHandler
    startup_stm32f10x_md.o(RESET) refers to user_interrupt.o(i.TIM3_IRQHandler) for TIM3_IRQHandler
    startup_stm32f10x_md.o(RESET) refers to user_interrupt.o(i.TIM4_IRQHandler) for TIM4_IRQHandler
    startup_stm32f10x_md.o(.text) refers to system_stm32f10x.o(i.SystemInit) for SystemInit
    startup_stm32f10x_md.o(.text) refers to entry.o(.ARM.Collect$$$$00000000) for __main
    dc_motor_control.o(i.Motor_control) refers to dc_motor_control.o(i.Run_Motor) for Run_Motor
    dc_motor_control.o(i.Motor_control) refers to user_interrupt.o(.data) for desired_speed
    dc_motor_control.o(i.PWM_Configuration) refers to stm32f10x_rcc.o(i.RCC_APB1PeriphClockCmd) for RCC_APB1PeriphClockCmd
    dc_motor_control.o(i.PWM_Configuration) refers to stm32f10x_tim.o(i.TIM_TimeBaseInit) for TIM_TimeBaseInit
    dc_motor_control.o(i.PWM_Configuration) refers to stm32f10x_tim.o(i.TIM_OC3Init) for TIM_OC3Init
    dc_motor_control.o(i.PWM_Configuration) refers to stm32f10x_tim.o(i.TIM_OC3PreloadConfig) for TIM_OC3PreloadConfig
    dc_motor_control.o(i.PWM_Configuration) refers to stm32f10x_tim.o(i.TIM_Cmd) for TIM_Cmd
    dc_motor_control.o(i.PWM_Configuration) refers to main.o(.bss) for TIM_TimeBaseInitStructure
    dc_motor_control.o(i.PWM_update) refers to stm32f10x_tim.o(i.TIM_Cmd) for TIM_Cmd
    dc_motor_control.o(i.PWM_update) refers to stm32f10x_tim.o(i.TIM_OC3Init) for TIM_OC3Init
    dc_motor_control.o(i.PWM_update) refers to stm32f10x_tim.o(i.TIM_OC3PreloadConfig) for TIM_OC3PreloadConfig
    dc_motor_control.o(i.PWM_update) refers to main.o(.bss) for TIM_OCInitStructure
    dc_motor_control.o(i.Run_Motor) refers to stm32f10x_gpio.o(i.GPIO_SetBits) for GPIO_SetBits
    dc_motor_control.o(i.Run_Motor) refers to stm32f10x_gpio.o(i.GPIO_ResetBits) for GPIO_ResetBits
    dc_motor_control.o(i.Run_Motor) refers to dc_motor_control.o(i.PWM_update) for PWM_update
    dc_motor_control.o(i.Stop_Motor_no_BRA) refers to stm32f10x_gpio.o(i.GPIO_ResetBits) for GPIO_ResetBits
    encoder_configuration.o(i.Encoder_Configuration) refers to stm32f10x_tim.o(i.TIM_DeInit) for TIM_DeInit
    encoder_configuration.o(i.Encoder_Configuration) refers to stm32f10x_rcc.o(i.RCC_APB1PeriphClockCmd) for RCC_APB1PeriphClockCmd
    encoder_configuration.o(i.Encoder_Configuration) refers to stm32f10x_tim.o(i.TIM_TimeBaseInit) for TIM_TimeBaseInit
    encoder_configuration.o(i.Encoder_Configuration) refers to stm32f10x_tim.o(i.TIM_ARRPreloadConfig) for TIM_ARRPreloadConfig
    encoder_configuration.o(i.Encoder_Configuration) refers to stm32f10x_tim.o(i.TIM_SetCounter) for TIM_SetCounter
    encoder_configuration.o(i.Encoder_Configuration) refers to stm32f10x_tim.o(i.TIM_ITConfig) for TIM_ITConfig
    encoder_configuration.o(i.Encoder_Configuration) refers to stm32f10x_tim.o(i.TIM_ClearFlag) for TIM_ClearFlag
    encoder_configuration.o(i.Encoder_Configuration) refers to stm32f10x_tim.o(i.TIM_Cmd) for TIM_Cmd
    encoder_configuration.o(i.Encoder_Configuration) refers to main.o(.bss) for TIM_TimeBaseInitStructure
    encoder_configuration.o(i.Encoder_System_Configuration) refers to stm32f10x_rcc.o(i.RCC_APB1PeriphClockCmd) for RCC_APB1PeriphClockCmd
    encoder_configuration.o(i.Encoder_System_Configuration) refers to stm32f10x_tim.o(i.TIM_TimeBaseInit) for TIM_TimeBaseInit
    encoder_configuration.o(i.Encoder_System_Configuration) refers to stm32f10x_tim.o(i.TIM_ICInit) for TIM_ICInit
    encoder_configuration.o(i.Encoder_System_Configuration) refers to stm32f10x_tim.o(i.TIM_EncoderInterfaceConfig) for TIM_EncoderInterfaceConfig
    encoder_configuration.o(i.Encoder_System_Configuration) refers to stm32f10x_tim.o(i.TIM_SetCounter) for TIM_SetCounter
    encoder_configuration.o(i.Encoder_System_Configuration) refers to stm32f10x_tim.o(i.TIM_Cmd) for TIM_Cmd
    encoder_configuration.o(i.Encoder_System_Configuration) refers to stm32f10x_tim.o(i.TIM_ClearFlag) for TIM_ClearFlag
    encoder_configuration.o(i.Encoder_System_Configuration) refers to stm32f10x_tim.o(i.TIM_ITConfig) for TIM_ITConfig
    encoder_configuration.o(i.Encoder_System_Configuration) refers to main.o(.bss) for TIM_TimeBaseInitStructure
    encoder_configuration.o(i.NVIC_Configuration) refers to misc.o(i.NVIC_PriorityGroupConfig) for NVIC_PriorityGroupConfig
    encoder_configuration.o(i.NVIC_Configuration) refers to misc.o(i.NVIC_Init) for NVIC_Init
    encoder_configuration.o(i.NVIC_Configuration) refers to main.o(.data) for NVIC_InitStructure
    gpio_configuration.o(i.Encoder_pin_Configuraton) refers to stm32f10x_rcc.o(i.RCC_APB2PeriphClockCmd) for RCC_APB2PeriphClockCmd
    gpio_configuration.o(i.Encoder_pin_Configuraton) refers to stm32f10x_gpio.o(i.GPIO_Init) for GPIO_Init
    gpio_configuration.o(i.Encoder_pin_Configuraton) refers to main.o(.data) for GPIO_InitStructure
    gpio_configuration.o(i.GPIO_USART_Configuration) refers to stm32f10x_rcc.o(i.RCC_APB2PeriphClockCmd) for RCC_APB2PeriphClockCmd
    gpio_configuration.o(i.GPIO_USART_Configuration) refers to stm32f10x_gpio.o(i.GPIO_Init) for GPIO_Init
    gpio_configuration.o(i.Motor_pin_Configuration) refers to stm32f10x_rcc.o(i.RCC_APB2PeriphClockCmd) for RCC_APB2PeriphClockCmd
    gpio_configuration.o(i.Motor_pin_Configuration) refers to stm32f10x_gpio.o(i.GPIO_Init) for GPIO_Init
    gpio_configuration.o(i.Motor_pin_Configuration) refers to main.o(.data) for GPIO_InitStructure
    gpio_configuration.o(i.Test_BlinkingLed) refers to stm32f10x_rcc.o(i.RCC_APB2PeriphClockCmd) for RCC_APB2PeriphClockCmd
    gpio_configuration.o(i.Test_BlinkingLed) refers to stm32f10x_gpio.o(i.GPIO_Init) for GPIO_Init
    gpio_configuration.o(i.Test_BlinkingLed) refers to delay.o(i.delay_ms) for delay_ms
    gpio_configuration.o(i.Test_BlinkingLed) refers to stm32f10x_gpio.o(i.GPIO_ReadInputDataBit) for GPIO_ReadInputDataBit
    gpio_configuration.o(i.Test_BlinkingLed) refers to stm32f10x_gpio.o(i.GPIO_WriteBit) for GPIO_WriteBit
    gpio_configuration.o(i.Test_BlinkingLed) refers to main.o(.data) for GPIO_InitStructure
    usart_serial.o(i.USARTx_Configuration) refers to stm32f10x_rcc.o(i.RCC_APB1PeriphClockCmd) for RCC_APB1PeriphClockCmd
    usart_serial.o(i.USARTx_Configuration) refers to stm32f10x_usart.o(i.USART_DeInit) for USART_DeInit
    usart_serial.o(i.USARTx_Configuration) refers to stm32f10x_usart.o(i.USART_Init) for USART_Init
    usart_serial.o(i.USARTx_Configuration) refers to stm32f10x_usart.o(i.USART_ClearFlag) for USART_ClearFlag
    usart_serial.o(i.USARTx_Configuration) refers to stm32f10x_usart.o(i.USART_ITConfig) for USART_ITConfig
    usart_serial.o(i.USARTx_Configuration) refers to stm32f10x_usart.o(i.USART_Cmd) for USART_Cmd
    usart_serial.o(i.USARTx_GetChar) refers to stm32f10x_usart.o(i.USART_GetFlagStatus) for USART_GetFlagStatus
    usart_serial.o(i.USARTx_GetChar) refers to stm32f10x_usart.o(i.USART_ReceiveData) for USART_ReceiveData
    usart_serial.o(i.USARTx_GetString) refers to usart_serial.o(i.USARTx_GetChar) for USARTx_GetChar
    usart_serial.o(i.USARTx_SendChar) refers to stm32f10x_usart.o(i.USART_GetFlagStatus) for USART_GetFlagStatus
    usart_serial.o(i.USARTx_SendChar) refers to stm32f10x_usart.o(i.USART_SendData) for USART_SendData
    usart_serial.o(i.USARTx_SendString) refers to usart_serial.o(i.USARTx_SendChar) for USARTx_SendChar
    usart_serial.o(i.fputc) refers to stm32f10x_usart.o(i.USART_SendData) for USART_SendData
    usart_serial.o(i.fputc) refers to stm32f10x_usart.o(i.USART_GetFlagStatus) for USART_GetFlagStatus
    user_interrupt.o(i.Encoder_Reading) refers to stm32f10x_tim.o(i.TIM_GetCounter) for TIM_GetCounter
    user_interrupt.o(i.Encoder_Reading) refers to ffltui.o(.text) for __aeabi_ui2f
    user_interrupt.o(i.Encoder_Reading) refers to ffixi.o(.text) for __aeabi_f2iz
    user_interrupt.o(i.Encoder_Reading) refers to fadd.o(.text) for __aeabi_frsub
    user_interrupt.o(i.Encoder_Reading) refers to user_interrupt.o(.data) for Pulse_value
    user_interrupt.o(i.Motor_Speed_PID) refers to dflti.o(.text) for __aeabi_i2d
    user_interrupt.o(i.Motor_Speed_PID) refers to dmul.o(.text) for __aeabi_dmul
    user_interrupt.o(i.Motor_Speed_PID) refers to dadd.o(.text) for __aeabi_dadd
    user_interrupt.o(i.Motor_Speed_PID) refers to dfixi.o(.text) for __aeabi_d2iz
    user_interrupt.o(i.Motor_Speed_PID) refers to dc_motor_control.o(i.Run_Motor) for Run_Motor
    user_interrupt.o(i.Motor_Speed_PID) refers to user_interrupt.o(.data) for desired_speed
    user_interrupt.o(i.TIM3_IRQHandler) refers to stm32f10x_tim.o(i.TIM_GetITStatus) for TIM_GetITStatus
    user_interrupt.o(i.TIM3_IRQHandler) refers to stm32f10x_tim.o(i.TIM_ClearFlag) for TIM_ClearFlag
    user_interrupt.o(i.TIM3_IRQHandler) refers to user_interrupt.o(.data) for timer3_cnt_ovr
    user_interrupt.o(i.TIM4_IRQHandler) refers to stm32f10x_tim.o(i.TIM_GetITStatus) for TIM_GetITStatus
    user_interrupt.o(i.TIM4_IRQHandler) refers to stm32f10x_tim.o(i.TIM_ClearFlag) for TIM_ClearFlag
    user_interrupt.o(i.TIM4_IRQHandler) refers to user_interrupt.o(i.Encoder_Reading) for Encoder_Reading
    user_interrupt.o(i.TIM4_IRQHandler) refers to user_interrupt.o(i.Motor_Speed_PID) for Motor_Speed_PID
    entry.o(.ARM.Collect$$$$00000000) refers (Special) to entry10a.o(.ARM.Collect$$$$0000000D) for __rt_final_cpp
    entry.o(.ARM.Collect$$$$00000000) refers (Special) to entry11a.o(.ARM.Collect$$$$0000000F) for __rt_final_exit
    entry.o(.ARM.Collect$$$$00000000) refers (Special) to entry7b.o(.ARM.Collect$$$$00000008) for _main_clock
    entry.o(.ARM.Collect$$$$00000000) refers (Special) to entry8b.o(.ARM.Collect$$$$0000000A) for _main_cpp_init
    entry.o(.ARM.Collect$$$$00000000) refers (Special) to entry9a.o(.ARM.Collect$$$$0000000B) for _main_init
    entry.o(.ARM.Collect$$$$00000000) refers (Special) to entry5.o(.ARM.Collect$$$$00000004) for _main_scatterload
    entry.o(.ARM.Collect$$$$00000000) refers (Special) to entry2.o(.ARM.Collect$$$$00000001) for _main_stk
    fadd.o(.text) refers (Special) to iusefp.o(.text) for __I$use$fp
    fadd.o(.text) refers to fepilogue.o(.text) for _float_epilogue
    dadd.o(.text) refers (Special) to iusefp.o(.text) for __I$use$fp
    dadd.o(.text) refers to llshl.o(.text) for __aeabi_llsl
    dadd.o(.text) refers to llsshr.o(.text) for __aeabi_lasr
    dadd.o(.text) refers to depilogue.o(.text) for _double_epilogue
    dmul.o(.text) refers (Special) to iusefp.o(.text) for __I$use$fp
    dmul.o(.text) refers to depilogue.o(.text) for _double_epilogue
    ffltui.o(.text) refers (Special) to iusefp.o(.text) for __I$use$fp
    ffltui.o(.text) refers to fepilogue.o(.text) for _float_epilogue
    dflti.o(.text) refers (Special) to iusefp.o(.text) for __I$use$fp
    dflti.o(.text) refers to depilogue.o(.text) for _double_epilogue
    ffixi.o(.text) refers (Special) to iusefp.o(.text) for __I$use$fp
    dfixi.o(.text) refers (Special) to iusefp.o(.text) for __I$use$fp
    dfixi.o(.text) refers to llushr.o(.text) for __aeabi_llsr
    entry2.o(.ARM.Collect$$$$00000001) refers to entry2.o(.ARM.Collect$$$$00002712) for __lit__00000000
    entry2.o(.ARM.Collect$$$$00002712) refers to startup_stm32f10x_md.o(STACK) for __initial_sp
    entry2.o(__vectab_stack_and_reset_area) refers to startup_stm32f10x_md.o(STACK) for __initial_sp
    entry2.o(__vectab_stack_and_reset_area) refers to entry.o(.ARM.Collect$$$$00000000) for __main
    entry5.o(.ARM.Collect$$$$00000004) refers to init.o(.text) for __scatterload
    entry9a.o(.ARM.Collect$$$$0000000B) refers to main.o(i.main) for main
    entry9b.o(.ARM.Collect$$$$0000000C) refers to main.o(i.main) for main
    depilogue.o(.text) refers to llshl.o(.text) for __aeabi_llsl
    depilogue.o(.text) refers to llushr.o(.text) for __aeabi_llsr
    init.o(.text) refers to entry5.o(.ARM.Collect$$$$00000004) for __main_after_scatterload


==============================================================================

Removing Unused input sections from the image.

    Removing system_stm32f10x.o(i.SystemCoreClockUpdate), (164 bytes).
    Removing system_stm32f10x.o(.data), (20 bytes).
    Removing core_cm3.o(.emb_text), (32 bytes).
    Removing misc.o(i.NVIC_SetVectorTable), (20 bytes).
    Removing misc.o(i.NVIC_SystemLPConfig), (32 bytes).
    Removing misc.o(i.SysTick_CLKSourceConfig), (40 bytes).
    Removing stm32f10x_adc.o(i.ADC_AnalogWatchdogCmd), (20 bytes).
    Removing stm32f10x_adc.o(i.ADC_AnalogWatchdogSingleChannelConfig), (16 bytes).
    Removing stm32f10x_adc.o(i.ADC_AnalogWatchdogThresholdsConfig), (6 bytes).
    Removing stm32f10x_adc.o(i.ADC_AutoInjectedConvCmd), (22 bytes).
    Removing stm32f10x_adc.o(i.ADC_ClearFlag), (6 bytes).
    Removing stm32f10x_adc.o(i.ADC_ClearITPendingBit), (10 bytes).
    Removing stm32f10x_adc.o(i.ADC_Cmd), (22 bytes).
    Removing stm32f10x_adc.o(i.ADC_DMACmd), (22 bytes).
    Removing stm32f10x_adc.o(i.ADC_DeInit), (92 bytes).
    Removing stm32f10x_adc.o(i.ADC_DiscModeChannelCountConfig), (24 bytes).
    Removing stm32f10x_adc.o(i.ADC_DiscModeCmd), (22 bytes).
    Removing stm32f10x_adc.o(i.ADC_ExternalTrigConvCmd), (22 bytes).
    Removing stm32f10x_adc.o(i.ADC_ExternalTrigInjectedConvCmd), (22 bytes).
    Removing stm32f10x_adc.o(i.ADC_ExternalTrigInjectedConvConfig), (16 bytes).
    Removing stm32f10x_adc.o(i.ADC_GetCalibrationStatus), (20 bytes).
    Removing stm32f10x_adc.o(i.ADC_GetConversionValue), (8 bytes).
    Removing stm32f10x_adc.o(i.ADC_GetDualModeConversionValue), (12 bytes).
    Removing stm32f10x_adc.o(i.ADC_GetFlagStatus), (18 bytes).
    Removing stm32f10x_adc.o(i.ADC_GetITStatus), (36 bytes).
    Removing stm32f10x_adc.o(i.ADC_GetInjectedConversionValue), (28 bytes).
    Removing stm32f10x_adc.o(i.ADC_GetResetCalibrationStatus), (20 bytes).
    Removing stm32f10x_adc.o(i.ADC_GetSoftwareStartConvStatus), (20 bytes).
    Removing stm32f10x_adc.o(i.ADC_GetSoftwareStartInjectedConvCmdStatus), (20 bytes).
    Removing stm32f10x_adc.o(i.ADC_ITConfig), (24 bytes).
    Removing stm32f10x_adc.o(i.ADC_Init), (80 bytes).
    Removing stm32f10x_adc.o(i.ADC_InjectedChannelConfig), (130 bytes).
    Removing stm32f10x_adc.o(i.ADC_InjectedDiscModeCmd), (22 bytes).
    Removing stm32f10x_adc.o(i.ADC_InjectedSequencerLengthConfig), (24 bytes).
    Removing stm32f10x_adc.o(i.ADC_RegularChannelConfig), (184 bytes).
    Removing stm32f10x_adc.o(i.ADC_ResetCalibration), (10 bytes).
    Removing stm32f10x_adc.o(i.ADC_SetInjectedOffset), (20 bytes).
    Removing stm32f10x_adc.o(i.ADC_SoftwareStartConvCmd), (22 bytes).
    Removing stm32f10x_adc.o(i.ADC_SoftwareStartInjectedConvCmd), (22 bytes).
    Removing stm32f10x_adc.o(i.ADC_StartCalibration), (10 bytes).
    Removing stm32f10x_adc.o(i.ADC_StructInit), (18 bytes).
    Removing stm32f10x_adc.o(i.ADC_TempSensorVrefintCmd), (36 bytes).
    Removing stm32f10x_exti.o(i.EXTI_ClearFlag), (12 bytes).
    Removing stm32f10x_exti.o(i.EXTI_ClearITPendingBit), (12 bytes).
    Removing stm32f10x_exti.o(i.EXTI_DeInit), (36 bytes).
    Removing stm32f10x_exti.o(i.EXTI_GenerateSWInterrupt), (16 bytes).
    Removing stm32f10x_exti.o(i.EXTI_GetFlagStatus), (24 bytes).
    Removing stm32f10x_exti.o(i.EXTI_GetITStatus), (40 bytes).
    Removing stm32f10x_exti.o(i.EXTI_Init), (148 bytes).
    Removing stm32f10x_exti.o(i.EXTI_StructInit), (16 bytes).
    Removing stm32f10x_gpio.o(i.GPIO_AFIODeInit), (20 bytes).
    Removing stm32f10x_gpio.o(i.GPIO_DeInit), (200 bytes).
    Removing stm32f10x_gpio.o(i.GPIO_ETH_MediaInterfaceConfig), (12 bytes).
    Removing stm32f10x_gpio.o(i.GPIO_EXTILineConfig), (64 bytes).
    Removing stm32f10x_gpio.o(i.GPIO_EventOutputCmd), (12 bytes).
    Removing stm32f10x_gpio.o(i.GPIO_EventOutputConfig), (32 bytes).
    Removing stm32f10x_gpio.o(i.GPIO_PinLockConfig), (18 bytes).
    Removing stm32f10x_gpio.o(i.GPIO_PinRemapConfig), (144 bytes).
    Removing stm32f10x_gpio.o(i.GPIO_ReadInputData), (8 bytes).
    Removing stm32f10x_gpio.o(i.GPIO_ReadInputDataBit), (18 bytes).
    Removing stm32f10x_gpio.o(i.GPIO_ReadOutputData), (8 bytes).
    Removing stm32f10x_gpio.o(i.GPIO_ReadOutputDataBit), (18 bytes).
    Removing stm32f10x_gpio.o(i.GPIO_StructInit), (16 bytes).
    Removing stm32f10x_gpio.o(i.GPIO_Write), (4 bytes).
    Removing stm32f10x_gpio.o(i.GPIO_WriteBit), (10 bytes).
    Removing stm32f10x_rcc.o(i.RCC_ADCCLKConfig), (24 bytes).
    Removing stm32f10x_rcc.o(i.RCC_AHBPeriphClockCmd), (32 bytes).
    Removing stm32f10x_rcc.o(i.RCC_AdjustHSICalibrationValue), (24 bytes).
    Removing stm32f10x_rcc.o(i.RCC_BackupResetCmd), (12 bytes).
    Removing stm32f10x_rcc.o(i.RCC_ClearFlag), (20 bytes).
    Removing stm32f10x_rcc.o(i.RCC_ClearITPendingBit), (12 bytes).
    Removing stm32f10x_rcc.o(i.RCC_ClockSecuritySystemCmd), (12 bytes).
    Removing stm32f10x_rcc.o(i.RCC_DeInit), (76 bytes).
    Removing stm32f10x_rcc.o(i.RCC_GetClocksFreq), (212 bytes).
    Removing stm32f10x_rcc.o(i.RCC_GetFlagStatus), (60 bytes).
    Removing stm32f10x_rcc.o(i.RCC_GetITStatus), (24 bytes).
    Removing stm32f10x_rcc.o(i.RCC_GetSYSCLKSource), (16 bytes).
    Removing stm32f10x_rcc.o(i.RCC_HCLKConfig), (24 bytes).
    Removing stm32f10x_rcc.o(i.RCC_HSEConfig), (76 bytes).
    Removing stm32f10x_rcc.o(i.RCC_HSICmd), (12 bytes).
    Removing stm32f10x_rcc.o(i.RCC_ITConfig), (32 bytes).
    Removing stm32f10x_rcc.o(i.RCC_LSEConfig), (52 bytes).
    Removing stm32f10x_rcc.o(i.RCC_LSICmd), (12 bytes).
    Removing stm32f10x_rcc.o(i.RCC_MCOConfig), (12 bytes).
    Removing stm32f10x_rcc.o(i.RCC_PCLK1Config), (24 bytes).
    Removing stm32f10x_rcc.o(i.RCC_PCLK2Config), (24 bytes).
    Removing stm32f10x_rcc.o(i.RCC_PLLCmd), (12 bytes).
    Removing stm32f10x_rcc.o(i.RCC_PLLConfig), (28 bytes).
    Removing stm32f10x_rcc.o(i.RCC_RTCCLKCmd), (12 bytes).
    Removing stm32f10x_rcc.o(i.RCC_RTCCLKConfig), (16 bytes).
    Removing stm32f10x_rcc.o(i.RCC_SYSCLKConfig), (24 bytes).
    Removing stm32f10x_rcc.o(i.RCC_USBCLKConfig), (12 bytes).
    Removing stm32f10x_rcc.o(i.RCC_WaitForHSEStartUp), (56 bytes).
    Removing stm32f10x_rcc.o(.data), (20 bytes).
    Removing stm32f10x_sdio.o(i.SDIO_CEATAITCmd), (16 bytes).
    Removing stm32f10x_sdio.o(i.SDIO_ClearFlag), (12 bytes).
    Removing stm32f10x_sdio.o(i.SDIO_ClearITPendingBit), (12 bytes).
    Removing stm32f10x_sdio.o(i.SDIO_ClockCmd), (12 bytes).
    Removing stm32f10x_sdio.o(i.SDIO_CmdStructInit), (14 bytes).
    Removing stm32f10x_sdio.o(i.SDIO_CommandCompletionCmd), (12 bytes).
    Removing stm32f10x_sdio.o(i.SDIO_DMACmd), (12 bytes).
    Removing stm32f10x_sdio.o(i.SDIO_DataConfig), (48 bytes).
    Removing stm32f10x_sdio.o(i.SDIO_DataStructInit), (20 bytes).
    Removing stm32f10x_sdio.o(i.SDIO_DeInit), (36 bytes).
    Removing stm32f10x_sdio.o(i.SDIO_GetCommandResponse), (12 bytes).
    Removing stm32f10x_sdio.o(i.SDIO_GetDataCounter), (12 bytes).
    Removing stm32f10x_sdio.o(i.SDIO_GetFIFOCount), (12 bytes).
    Removing stm32f10x_sdio.o(i.SDIO_GetFlagStatus), (24 bytes).
    Removing stm32f10x_sdio.o(i.SDIO_GetITStatus), (24 bytes).
    Removing stm32f10x_sdio.o(i.SDIO_GetPowerState), (16 bytes).
    Removing stm32f10x_sdio.o(i.SDIO_GetResponse), (24 bytes).
    Removing stm32f10x_sdio.o(i.SDIO_ITConfig), (32 bytes).
    Removing stm32f10x_sdio.o(i.SDIO_Init), (48 bytes).
    Removing stm32f10x_sdio.o(i.SDIO_ReadData), (12 bytes).
    Removing stm32f10x_sdio.o(i.SDIO_SendCEATACmd), (12 bytes).
    Removing stm32f10x_sdio.o(i.SDIO_SendCommand), (44 bytes).
    Removing stm32f10x_sdio.o(i.SDIO_SendSDIOSuspendCmd), (12 bytes).
    Removing stm32f10x_sdio.o(i.SDIO_SetPowerState), (28 bytes).
    Removing stm32f10x_sdio.o(i.SDIO_SetSDIOOperation), (12 bytes).
    Removing stm32f10x_sdio.o(i.SDIO_SetSDIOReadWaitMode), (12 bytes).
    Removing stm32f10x_sdio.o(i.SDIO_StartSDIOReadWait), (12 bytes).
    Removing stm32f10x_sdio.o(i.SDIO_StopSDIOReadWait), (12 bytes).
    Removing stm32f10x_sdio.o(i.SDIO_StructInit), (16 bytes).
    Removing stm32f10x_sdio.o(i.SDIO_WriteData), (12 bytes).
    Removing stm32f10x_tim.o(i.TIM_BDTRConfig), (32 bytes).
    Removing stm32f10x_tim.o(i.TIM_BDTRStructInit), (18 bytes).
    Removing stm32f10x_tim.o(i.TIM_CCPreloadControl), (24 bytes).
    Removing stm32f10x_tim.o(i.TIM_CCxCmd), (30 bytes).
    Removing stm32f10x_tim.o(i.TIM_CCxNCmd), (30 bytes).
    Removing stm32f10x_tim.o(i.TIM_ClearITPendingBit), (6 bytes).
    Removing stm32f10x_tim.o(i.TIM_ClearOC1Ref), (18 bytes).
    Removing stm32f10x_tim.o(i.TIM_ClearOC2Ref), (24 bytes).
    Removing stm32f10x_tim.o(i.TIM_ClearOC3Ref), (18 bytes).
    Removing stm32f10x_tim.o(i.TIM_ClearOC4Ref), (24 bytes).
    Removing stm32f10x_tim.o(i.TIM_CounterModeConfig), (18 bytes).
    Removing stm32f10x_tim.o(i.TIM_CtrlPWMOutputs), (30 bytes).
    Removing stm32f10x_tim.o(i.TIM_DMACmd), (18 bytes).
    Removing stm32f10x_tim.o(i.TIM_DMAConfig), (10 bytes).
    Removing stm32f10x_tim.o(i.TIM_ETRClockMode1Config), (54 bytes).
    Removing stm32f10x_tim.o(i.TIM_ETRClockMode2Config), (32 bytes).
    Removing stm32f10x_tim.o(i.TIM_ETRConfig), (28 bytes).
    Removing stm32f10x_tim.o(i.TIM_ForcedOC1Config), (18 bytes).
    Removing stm32f10x_tim.o(i.TIM_ForcedOC2Config), (26 bytes).
    Removing stm32f10x_tim.o(i.TIM_ForcedOC3Config), (18 bytes).
    Removing stm32f10x_tim.o(i.TIM_ForcedOC4Config), (26 bytes).
    Removing stm32f10x_tim.o(i.TIM_GenerateEvent), (4 bytes).
    Removing stm32f10x_tim.o(i.TIM_GetCapture1), (6 bytes).
    Removing stm32f10x_tim.o(i.TIM_GetCapture2), (6 bytes).
    Removing stm32f10x_tim.o(i.TIM_GetCapture3), (6 bytes).
    Removing stm32f10x_tim.o(i.TIM_GetCapture4), (8 bytes).
    Removing stm32f10x_tim.o(i.TIM_GetFlagStatus), (18 bytes).
    Removing stm32f10x_tim.o(i.TIM_GetPrescaler), (6 bytes).
    Removing stm32f10x_tim.o(i.TIM_ICStructInit), (18 bytes).
    Removing stm32f10x_tim.o(i.TIM_ITRxExternalClockConfig), (24 bytes).
    Removing stm32f10x_tim.o(i.TIM_InternalClockConfig), (12 bytes).
    Removing stm32f10x_tim.o(i.TIM_OC1FastConfig), (18 bytes).
    Removing stm32f10x_tim.o(i.TIM_OC1Init), (152 bytes).
    Removing stm32f10x_tim.o(i.TIM_OC1NPolarityConfig), (18 bytes).
    Removing stm32f10x_tim.o(i.TIM_OC1PolarityConfig), (18 bytes).
    Removing stm32f10x_tim.o(i.TIM_OC1PreloadConfig), (18 bytes).
    Removing stm32f10x_tim.o(i.TIM_OC2FastConfig), (26 bytes).
    Removing stm32f10x_tim.o(i.TIM_OC2Init), (164 bytes).
    Removing stm32f10x_tim.o(i.TIM_OC2NPolarityConfig), (26 bytes).
    Removing stm32f10x_tim.o(i.TIM_OC2PolarityConfig), (26 bytes).
    Removing stm32f10x_tim.o(i.TIM_OC2PreloadConfig), (26 bytes).
    Removing stm32f10x_tim.o(i.TIM_OC3FastConfig), (18 bytes).
    Removing stm32f10x_tim.o(i.TIM_OC3NPolarityConfig), (26 bytes).
    Removing stm32f10x_tim.o(i.TIM_OC3PolarityConfig), (26 bytes).
    Removing stm32f10x_tim.o(i.TIM_OC4FastConfig), (26 bytes).
    Removing stm32f10x_tim.o(i.TIM_OC4Init), (124 bytes).
    Removing stm32f10x_tim.o(i.TIM_OC4PolarityConfig), (26 bytes).
    Removing stm32f10x_tim.o(i.TIM_OC4PreloadConfig), (26 bytes).
    Removing stm32f10x_tim.o(i.TIM_OCStructInit), (20 bytes).
    Removing stm32f10x_tim.o(i.TIM_PWMIConfig), (124 bytes).
    Removing stm32f10x_tim.o(i.TIM_PrescalerConfig), (6 bytes).
    Removing stm32f10x_tim.o(i.TIM_SelectCCDMA), (24 bytes).
    Removing stm32f10x_tim.o(i.TIM_SelectCOM), (24 bytes).
    Removing stm32f10x_tim.o(i.TIM_SelectHallSensor), (24 bytes).
    Removing stm32f10x_tim.o(i.TIM_SelectInputTrigger), (18 bytes).
    Removing stm32f10x_tim.o(i.TIM_SelectMasterSlaveMode), (18 bytes).
    Removing stm32f10x_tim.o(i.TIM_SelectOCxM), (82 bytes).
    Removing stm32f10x_tim.o(i.TIM_SelectOnePulseMode), (18 bytes).
    Removing stm32f10x_tim.o(i.TIM_SelectOutputTrigger), (18 bytes).
    Removing stm32f10x_tim.o(i.TIM_SelectSlaveMode), (18 bytes).
    Removing stm32f10x_tim.o(i.TIM_SetAutoreload), (4 bytes).
    Removing stm32f10x_tim.o(i.TIM_SetClockDivision), (18 bytes).
    Removing stm32f10x_tim.o(i.TIM_SetCompare1), (4 bytes).
    Removing stm32f10x_tim.o(i.TIM_SetCompare2), (4 bytes).
    Removing stm32f10x_tim.o(i.TIM_SetCompare3), (4 bytes).
    Removing stm32f10x_tim.o(i.TIM_SetCompare4), (6 bytes).
    Removing stm32f10x_tim.o(i.TIM_TIxExternalClockConfig), (62 bytes).
    Removing stm32f10x_tim.o(i.TIM_TimeBaseStructInit), (18 bytes).
    Removing stm32f10x_tim.o(i.TIM_UpdateDisableConfig), (24 bytes).
    Removing stm32f10x_tim.o(i.TIM_UpdateRequestConfig), (24 bytes).
    Removing stm32f10x_usart.o(i.USART_ClearFlag), (18 bytes).
    Removing stm32f10x_usart.o(i.USART_ClearITPendingBit), (30 bytes).
    Removing stm32f10x_usart.o(i.USART_ClockInit), (34 bytes).
    Removing stm32f10x_usart.o(i.USART_ClockStructInit), (12 bytes).
    Removing stm32f10x_usart.o(i.USART_Cmd), (24 bytes).
    Removing stm32f10x_usart.o(i.USART_DMACmd), (18 bytes).
    Removing stm32f10x_usart.o(i.USART_DeInit), (156 bytes).
    Removing stm32f10x_usart.o(i.USART_GetFlagStatus), (26 bytes).
    Removing stm32f10x_usart.o(i.USART_GetITStatus), (84 bytes).
    Removing stm32f10x_usart.o(i.USART_HalfDuplexCmd), (24 bytes).
    Removing stm32f10x_usart.o(i.USART_ITConfig), (74 bytes).
    Removing stm32f10x_usart.o(i.USART_Init), (216 bytes).
    Removing stm32f10x_usart.o(i.USART_IrDACmd), (24 bytes).
    Removing stm32f10x_usart.o(i.USART_IrDAConfig), (18 bytes).
    Removing stm32f10x_usart.o(i.USART_LINBreakDetectLengthConfig), (18 bytes).
    Removing stm32f10x_usart.o(i.USART_LINCmd), (24 bytes).
    Removing stm32f10x_usart.o(i.USART_OneBitMethodCmd), (24 bytes).
    Removing stm32f10x_usart.o(i.USART_OverSampling8Cmd), (22 bytes).
    Removing stm32f10x_usart.o(i.USART_ReceiveData), (10 bytes).
    Removing stm32f10x_usart.o(i.USART_ReceiverWakeUpCmd), (24 bytes).
    Removing stm32f10x_usart.o(i.USART_SendBreak), (10 bytes).
    Removing stm32f10x_usart.o(i.USART_SendData), (8 bytes).
    Removing stm32f10x_usart.o(i.USART_SetAddress), (18 bytes).
    Removing stm32f10x_usart.o(i.USART_SetGuardTime), (16 bytes).
    Removing stm32f10x_usart.o(i.USART_SetPrescaler), (16 bytes).
    Removing stm32f10x_usart.o(i.USART_SmartCardCmd), (24 bytes).
    Removing stm32f10x_usart.o(i.USART_SmartCardNACKCmd), (24 bytes).
    Removing stm32f10x_usart.o(i.USART_StructInit), (24 bytes).
    Removing stm32f10x_usart.o(i.USART_WakeUpConfig), (18 bytes).
    Removing startup_stm32f10x_md.o(HEAP), (512 bytes).
    Removing dc_motor_control.o(i.Motor_control), (36 bytes).
    Removing dc_motor_control.o(i.Stop_Motor_no_BRA), (16 bytes).
    Removing delay.o(i.delay_ms), (34 bytes).
    Removing delay.o(i.delay_us), (36 bytes).
    Removing gpio_configuration.o(i.GPIO_USART_Configuration), (208 bytes).
    Removing gpio_configuration.o(i.Test_BlinkingLed), (112 bytes).
    Removing usart_serial.o(i.USARTx_Configuration), (164 bytes).
    Removing usart_serial.o(i.USARTx_GetChar), (30 bytes).
    Removing usart_serial.o(i.USARTx_GetString), (26 bytes).
    Removing usart_serial.o(i.USARTx_SendChar), (30 bytes).
    Removing usart_serial.o(i.USARTx_SendString), (26 bytes).
    Removing usart_serial.o(i.fputc), (36 bytes).
    Removing user_interrupt.o(.bss), (50 bytes).

237 unused section(s) (total 8146 bytes) removed from the image.

==============================================================================

Image Symbol Table

    Local Symbols

    Symbol Name                              Value     Ov Type        Size  Object(Section)

    ../clib/microlib/init/entry.s            0x00000000   Number         0  entry5.o ABSOLUTE
    ../clib/microlib/init/entry.s            0x00000000   Number         0  entry7b.o ABSOLUTE
    ../clib/microlib/init/entry.s            0x00000000   Number         0  entry7a.o ABSOLUTE
    ../clib/microlib/init/entry.s            0x00000000   Number         0  entry8b.o ABSOLUTE
    ../clib/microlib/init/entry.s            0x00000000   Number         0  entry11a.o ABSOLUTE
    ../clib/microlib/init/entry.s            0x00000000   Number         0  entry10b.o ABSOLUTE
    ../clib/microlib/init/entry.s            0x00000000   Number         0  entry10a.o ABSOLUTE
    ../clib/microlib/init/entry.s            0x00000000   Number         0  entry11b.o ABSOLUTE
    ../clib/microlib/init/entry.s            0x00000000   Number         0  entry9b.o ABSOLUTE
    ../clib/microlib/init/entry.s            0x00000000   Number         0  entry.o ABSOLUTE
    ../clib/microlib/init/entry.s            0x00000000   Number         0  entry9a.o ABSOLUTE
    ../clib/microlib/init/entry.s            0x00000000   Number         0  entry8a.o ABSOLUTE
    ../clib/microlib/init/entry.s            0x00000000   Number         0  entry2.o ABSOLUTE
    ../clib/microlib/longlong.c              0x00000000   Number         0  llshl.o ABSOLUTE
    ../clib/microlib/longlong.c              0x00000000   Number         0  llushr.o ABSOLUTE
    ../clib/microlib/longlong.c              0x00000000   Number         0  llsshr.o ABSOLUTE
    ../clib/microlib/stubs.s                 0x00000000   Number         0  iusefp.o ABSOLUTE
    ../fplib/microlib/fpadd.c                0x00000000   Number         0  fadd.o ABSOLUTE
    ../fplib/microlib/fpadd.c                0x00000000   Number         0  dadd.o ABSOLUTE
    ../fplib/microlib/fpepilogue.c           0x00000000   Number         0  depilogue.o ABSOLUTE
    ../fplib/microlib/fpepilogue.c           0x00000000   Number         0  fepilogue.o ABSOLUTE
    ../fplib/microlib/fpfix.c                0x00000000   Number         0  ffixi.o ABSOLUTE
    ../fplib/microlib/fpfix.c                0x00000000   Number         0  dfixi.o ABSOLUTE
    ../fplib/microlib/fpflt.c                0x00000000   Number         0  dflti.o ABSOLUTE
    ../fplib/microlib/fpflt.c                0x00000000   Number         0  ffltui.o ABSOLUTE
    ../fplib/microlib/fpmul.c                0x00000000   Number         0  dmul.o ABSOLUTE
    ..\Libraries\CMSIS\CoreSupport\core_cm3.c 0x00000000   Number         0  core_cm3.o ABSOLUTE
    ..\Libraries\CMSIS\DeviceSupport\ST\STM32F10x\startup\arm\startup_stm32f10x_md.s 0x00000000   Number         0  startup_stm32f10x_md.o ABSOLUTE
    ..\Libraries\STM32F10x_StdPeriph_Driver\src\misc.c 0x00000000   Number         0  misc.o ABSOLUTE
    ..\Libraries\STM32F10x_StdPeriph_Driver\src\stm32f10x_adc.c 0x00000000   Number         0  stm32f10x_adc.o ABSOLUTE
    ..\Libraries\STM32F10x_StdPeriph_Driver\src\stm32f10x_exti.c 0x00000000   Number         0  stm32f10x_exti.o ABSOLUTE
    ..\Libraries\STM32F10x_StdPeriph_Driver\src\stm32f10x_gpio.c 0x00000000   Number         0  stm32f10x_gpio.o ABSOLUTE
    ..\Libraries\STM32F10x_StdPeriph_Driver\src\stm32f10x_rcc.c 0x00000000   Number         0  stm32f10x_rcc.o ABSOLUTE
    ..\Libraries\STM32F10x_StdPeriph_Driver\src\stm32f10x_sdio.c 0x00000000   Number         0  stm32f10x_sdio.o ABSOLUTE
    ..\Libraries\STM32F10x_StdPeriph_Driver\src\stm32f10x_tim.c 0x00000000   Number         0  stm32f10x_tim.o ABSOLUTE
    ..\Libraries\STM32F10x_StdPeriph_Driver\src\stm32f10x_usart.c 0x00000000   Number         0  stm32f10x_usart.o ABSOLUTE
    ..\Source\Source_DIY\src\DC_Motor_Control.c 0x00000000   Number         0  dc_motor_control.o ABSOLUTE
    ..\Source\Source_DIY\src\Encoder_Configuration.c 0x00000000   Number         0  encoder_configuration.o ABSOLUTE
    ..\Source\Source_DIY\src\GPIO_Configuration.c 0x00000000   Number         0  gpio_configuration.o ABSOLUTE
    ..\Source\Source_DIY\src\Usart_serial.c  0x00000000   Number         0  usart_serial.o ABSOLUTE
    ..\Source\Source_DIY\src\User_interrupt.c 0x00000000   Number         0  user_interrupt.o ABSOLUTE
    ..\Source\Source_DIY\src\delay.c         0x00000000   Number         0  delay.o ABSOLUTE
    ..\Source\main.c                         0x00000000   Number         0  main.o ABSOLUTE
    ..\Source\stm32f10x_it.c                 0x00000000   Number         0  stm32f10x_it.o ABSOLUTE
    ..\Source\system_stm32f10x.c             0x00000000   Number         0  system_stm32f10x.o ABSOLUTE
    ..\\Libraries\\CMSIS\\CoreSupport\\core_cm3.c 0x00000000   Number         0  core_cm3.o ABSOLUTE
    dc.s                                     0x00000000   Number         0  dc.o ABSOLUTE
    handlers.s                               0x00000000   Number         0  handlers.o ABSOLUTE
    init.s                                   0x00000000   Number         0  init.o ABSOLUTE
    RESET                                    0x08000000   Section      236  startup_stm32f10x_md.o(RESET)
    .ARM.Collect$$$$00000000                 0x080000ec   Section        0  entry.o(.ARM.Collect$$$$00000000)
    .ARM.Collect$$$$00000001                 0x080000ec   Section        4  entry2.o(.ARM.Collect$$$$00000001)
    .ARM.Collect$$$$00000004                 0x080000f0   Section        4  entry5.o(.ARM.Collect$$$$00000004)
    .ARM.Collect$$$$00000008                 0x080000f4   Section        0  entry7b.o(.ARM.Collect$$$$00000008)
    .ARM.Collect$$$$0000000A                 0x080000f4   Section        0  entry8b.o(.ARM.Collect$$$$0000000A)
    .ARM.Collect$$$$0000000B                 0x080000f4   Section        8  entry9a.o(.ARM.Collect$$$$0000000B)
    .ARM.Collect$$$$0000000D                 0x080000fc   Section        0  entry10a.o(.ARM.Collect$$$$0000000D)
    .ARM.Collect$$$$0000000F                 0x080000fc   Section        0  entry11a.o(.ARM.Collect$$$$0000000F)
    .ARM.Collect$$$$00002712                 0x080000fc   Section        4  entry2.o(.ARM.Collect$$$$00002712)
    __lit__00000000                          0x080000fc   Data           4  entry2.o(.ARM.Collect$$$$00002712)
    .text                                    0x08000100   Section       36  startup_stm32f10x_md.o(.text)
    .text                                    0x08000124   Section        0  fadd.o(.text)
    .text                                    0x080001d4   Section        0  dadd.o(.text)
    .text                                    0x08000322   Section        0  dmul.o(.text)
    .text                                    0x08000406   Section        0  ffltui.o(.text)
    .text                                    0x08000410   Section        0  dflti.o(.text)
    .text                                    0x08000432   Section        0  ffixi.o(.text)
    .text                                    0x08000464   Section        0  dfixi.o(.text)
    .text                                    0x080004a2   Section        0  llshl.o(.text)
    .text                                    0x080004c0   Section        0  llushr.o(.text)
    .text                                    0x080004e0   Section        0  llsshr.o(.text)
    .text                                    0x08000504   Section        0  iusefp.o(.text)
    .text                                    0x08000504   Section        0  fepilogue.o(.text)
    .text                                    0x08000572   Section        0  depilogue.o(.text)
    .text                                    0x0800062c   Section       36  init.o(.text)
    i.ADC1_2_IRQHandler                      0x08000650   Section        0  stm32f10x_it.o(i.ADC1_2_IRQHandler)
    i.BusFault_Handler                       0x08000652   Section        0  stm32f10x_it.o(i.BusFault_Handler)
    i.DebugMon_Handler                       0x08000656   Section        0  stm32f10x_it.o(i.DebugMon_Handler)
    i.Encoder_Configuration                  0x08000658   Section        0  encoder_configuration.o(i.Encoder_Configuration)
    i.Encoder_Reading                        0x080006b8   Section        0  user_interrupt.o(i.Encoder_Reading)
    i.Encoder_System_Configuration           0x08000770   Section        0  encoder_configuration.o(i.Encoder_System_Configuration)
    i.Encoder_pin_Configuraton               0x080007f0   Section        0  gpio_configuration.o(i.Encoder_pin_Configuraton)
    i.GPIO_Init                              0x08000818   Section        0  stm32f10x_gpio.o(i.GPIO_Init)
    i.GPIO_ResetBits                         0x0800092e   Section        0  stm32f10x_gpio.o(i.GPIO_ResetBits)
    i.GPIO_SetBits                           0x08000932   Section        0  stm32f10x_gpio.o(i.GPIO_SetBits)
    i.HardFault_Handler                      0x08000936   Section        0  stm32f10x_it.o(i.HardFault_Handler)
    i.MemManage_Handler                      0x0800093a   Section        0  stm32f10x_it.o(i.MemManage_Handler)
    i.Motor_Speed_PID                        0x08000940   Section        0  user_interrupt.o(i.Motor_Speed_PID)
    i.Motor_pin_Configuration                0x080009e8   Section        0  gpio_configuration.o(i.Motor_pin_Configuration)
    i.NMI_Handler                            0x08000a2c   Section        0  stm32f10x_it.o(i.NMI_Handler)
    i.NVIC_Configuration                     0x08000a30   Section        0  encoder_configuration.o(i.NVIC_Configuration)
    i.NVIC_Init                              0x08000a70   Section        0  misc.o(i.NVIC_Init)
    i.NVIC_PriorityGroupConfig               0x08000ae0   Section        0  misc.o(i.NVIC_PriorityGroupConfig)
    i.PWM_Configuration                      0x08000af4   Section        0  dc_motor_control.o(i.PWM_Configuration)
    i.PWM_update                             0x08000b50   Section        0  dc_motor_control.o(i.PWM_update)
    i.PendSV_Handler                         0x08000b90   Section        0  stm32f10x_it.o(i.PendSV_Handler)
    i.RCC_APB1PeriphClockCmd                 0x08000b94   Section        0  stm32f10x_rcc.o(i.RCC_APB1PeriphClockCmd)
    i.RCC_APB1PeriphResetCmd                 0x08000bb4   Section        0  stm32f10x_rcc.o(i.RCC_APB1PeriphResetCmd)
    i.RCC_APB2PeriphClockCmd                 0x08000bd4   Section        0  stm32f10x_rcc.o(i.RCC_APB2PeriphClockCmd)
    i.RCC_APB2PeriphResetCmd                 0x08000bf4   Section        0  stm32f10x_rcc.o(i.RCC_APB2PeriphResetCmd)
    i.Run_Motor                              0x08000c14   Section        0  dc_motor_control.o(i.Run_Motor)
    i.SVC_Handler                            0x08000c3c   Section        0  stm32f10x_it.o(i.SVC_Handler)
    i.SetSysClock                            0x08000c3e   Section        0  system_stm32f10x.o(i.SetSysClock)
    SetSysClock                              0x08000c3f   Thumb Code     8  system_stm32f10x.o(i.SetSysClock)
    i.SetSysClockTo72                        0x08000c48   Section        0  system_stm32f10x.o(i.SetSysClockTo72)
    SetSysClockTo72                          0x08000c49   Thumb Code   214  system_stm32f10x.o(i.SetSysClockTo72)
    i.SysTick_Handler                        0x08000d28   Section        0  stm32f10x_it.o(i.SysTick_Handler)
    i.SystemInit                             0x08000d2c   Section        0  system_stm32f10x.o(i.SystemInit)
    i.TI1_Config                             0x08000d8c   Section        0  stm32f10x_tim.o(i.TI1_Config)
    TI1_Config                               0x08000d8d   Thumb Code   108  stm32f10x_tim.o(i.TI1_Config)
    i.TI2_Config                             0x08000e0c   Section        0  stm32f10x_tim.o(i.TI2_Config)
    TI2_Config                               0x08000e0d   Thumb Code   130  stm32f10x_tim.o(i.TI2_Config)
    i.TI3_Config                             0x08000ea4   Section        0  stm32f10x_tim.o(i.TI3_Config)
    TI3_Config                               0x08000ea5   Thumb Code   122  stm32f10x_tim.o(i.TI3_Config)
    i.TI4_Config                             0x08000f34   Section        0  stm32f10x_tim.o(i.TI4_Config)
    TI4_Config                               0x08000f35   Thumb Code   130  stm32f10x_tim.o(i.TI4_Config)
    i.TIM3_IRQHandler                        0x08000fcc   Section        0  user_interrupt.o(i.TIM3_IRQHandler)
    i.TIM4_IRQHandler                        0x08000ff4   Section        0  user_interrupt.o(i.TIM4_IRQHandler)
    i.TIM_ARRPreloadConfig                   0x0800101c   Section        0  stm32f10x_tim.o(i.TIM_ARRPreloadConfig)
    i.TIM_ClearFlag                          0x08001034   Section        0  stm32f10x_tim.o(i.TIM_ClearFlag)
    i.TIM_Cmd                                0x0800103a   Section        0  stm32f10x_tim.o(i.TIM_Cmd)
    i.TIM_DeInit                             0x08001054   Section        0  stm32f10x_tim.o(i.TIM_DeInit)
    i.TIM_EncoderInterfaceConfig             0x0800123c   Section        0  stm32f10x_tim.o(i.TIM_EncoderInterfaceConfig)
    i.TIM_GetCounter                         0x0800127e   Section        0  stm32f10x_tim.o(i.TIM_GetCounter)
    i.TIM_GetITStatus                        0x08001284   Section        0  stm32f10x_tim.o(i.TIM_GetITStatus)
    i.TIM_ICInit                             0x080012a8   Section        0  stm32f10x_tim.o(i.TIM_ICInit)
    i.TIM_ITConfig                           0x08001354   Section        0  stm32f10x_tim.o(i.TIM_ITConfig)
    i.TIM_OC3Init                            0x08001368   Section        0  stm32f10x_tim.o(i.TIM_OC3Init)
    i.TIM_OC3PreloadConfig                   0x08001408   Section        0  stm32f10x_tim.o(i.TIM_OC3PreloadConfig)
    i.TIM_SetCounter                         0x0800141a   Section        0  stm32f10x_tim.o(i.TIM_SetCounter)
    i.TIM_SetIC1Prescaler                    0x0800141e   Section        0  stm32f10x_tim.o(i.TIM_SetIC1Prescaler)
    i.TIM_SetIC2Prescaler                    0x08001430   Section        0  stm32f10x_tim.o(i.TIM_SetIC2Prescaler)
    i.TIM_SetIC3Prescaler                    0x0800144a   Section        0  stm32f10x_tim.o(i.TIM_SetIC3Prescaler)
    i.TIM_SetIC4Prescaler                    0x0800145c   Section        0  stm32f10x_tim.o(i.TIM_SetIC4Prescaler)
    i.TIM_TimeBaseInit                       0x08001478   Section        0  stm32f10x_tim.o(i.TIM_TimeBaseInit)
    i.UsageFault_Handler                     0x0800151c   Section        0  stm32f10x_it.o(i.UsageFault_Handler)
    i.__scatterload_copy                     0x08001520   Section       14  handlers.o(i.__scatterload_copy)
    i.__scatterload_null                     0x0800152e   Section        2  handlers.o(i.__scatterload_null)
    i.__scatterload_zeroinit                 0x08001530   Section       14  handlers.o(i.__scatterload_zeroinit)
    i.main                                   0x0800153e   Section        0  main.o(i.main)
    .data                                    0x20000000   Section       16  main.o(.data)
    .data                                    0x20000010   Section      160  user_interrupt.o(.data)
    .bss                                     0x200000b0   Section       36  main.o(.bss)
    STACK                                    0x200000d8   Section     1024  startup_stm32f10x_md.o(STACK)

    Global Symbols

    Symbol Name                              Value     Ov Type        Size  Object(Section)

    BuildAttributes$$THM_ISAv4$P$D$K$B$S$PE$A:L22UL41UL21$X:L11$S22US41US21$IEEE1$IW$USESV6$~STKCKD$USESV7$~SHL$OTIME$ROPI$EBA8$MICROLIB$REQ8$PRES8$EABIv2 0x00000000   Number         0  anon$$obj.o ABSOLUTE
    __ARM_use_no_argv                        0x00000000   Number         0  main.o ABSOLUTE
    __cpp_initialize__aeabi_                  - Undefined Weak Reference
    __cxa_finalize                            - Undefined Weak Reference
    __decompress                              - Undefined Weak Reference
    _clock_init                               - Undefined Weak Reference
    _microlib_exit                            - Undefined Weak Reference
    __Vectors_Size                           0x000000ec   Number         0  startup_stm32f10x_md.o ABSOLUTE
    __Vectors                                0x08000000   Data           4  startup_stm32f10x_md.o(RESET)
    __Vectors_End                            0x080000ec   Data           0  startup_stm32f10x_md.o(RESET)
    __main                                   0x080000ed   Thumb Code     0  entry.o(.ARM.Collect$$$$00000000)
    _main_stk                                0x080000ed   Thumb Code     0  entry2.o(.ARM.Collect$$$$00000001)
    _main_scatterload                        0x080000f1   Thumb Code     0  entry5.o(.ARM.Collect$$$$00000004)
    __main_after_scatterload                 0x080000f5   Thumb Code     0  entry5.o(.ARM.Collect$$$$00000004)
    _main_clock                              0x080000f5   Thumb Code     0  entry7b.o(.ARM.Collect$$$$00000008)
    _main_cpp_init                           0x080000f5   Thumb Code     0  entry8b.o(.ARM.Collect$$$$0000000A)
    _main_init                               0x080000f5   Thumb Code     0  entry9a.o(.ARM.Collect$$$$0000000B)
    __rt_final_cpp                           0x080000fd   Thumb Code     0  entry10a.o(.ARM.Collect$$$$0000000D)
    __rt_final_exit                          0x080000fd   Thumb Code     0  entry11a.o(.ARM.Collect$$$$0000000F)
    Reset_Handler                            0x08000101   Thumb Code     8  startup_stm32f10x_md.o(.text)
    CAN1_RX1_IRQHandler                      0x0800011b   Thumb Code     0  startup_stm32f10x_md.o(.text)
    CAN1_SCE_IRQHandler                      0x0800011b   Thumb Code     0  startup_stm32f10x_md.o(.text)
    DMA1_Channel1_IRQHandler                 0x0800011b   Thumb Code     0  startup_stm32f10x_md.o(.text)
    DMA1_Channel2_IRQHandler                 0x0800011b   Thumb Code     0  startup_stm32f10x_md.o(.text)
    DMA1_Channel3_IRQHandler                 0x0800011b   Thumb Code     0  startup_stm32f10x_md.o(.text)
    DMA1_Channel4_IRQHandler                 0x0800011b   Thumb Code     0  startup_stm32f10x_md.o(.text)
    DMA1_Channel5_IRQHandler                 0x0800011b   Thumb Code     0  startup_stm32f10x_md.o(.text)
    DMA1_Channel6_IRQHandler                 0x0800011b   Thumb Code     0  startup_stm32f10x_md.o(.text)
    DMA1_Channel7_IRQHandler                 0x0800011b   Thumb Code     0  startup_stm32f10x_md.o(.text)
    EXTI0_IRQHandler                         0x0800011b   Thumb Code     0  startup_stm32f10x_md.o(.text)
    EXTI15_10_IRQHandler                     0x0800011b   Thumb Code     0  startup_stm32f10x_md.o(.text)
    EXTI1_IRQHandler                         0x0800011b   Thumb Code     0  startup_stm32f10x_md.o(.text)
    EXTI2_IRQHandler                         0x0800011b   Thumb Code     0  startup_stm32f10x_md.o(.text)
    EXTI3_IRQHandler                         0x0800011b   Thumb Code     0  startup_stm32f10x_md.o(.text)
    EXTI4_IRQHandler                         0x0800011b   Thumb Code     0  startup_stm32f10x_md.o(.text)
    EXTI9_5_IRQHandler                       0x0800011b   Thumb Code     0  startup_stm32f10x_md.o(.text)
    FLASH_IRQHandler                         0x0800011b   Thumb Code     0  startup_stm32f10x_md.o(.text)
    I2C1_ER_IRQHandler                       0x0800011b   Thumb Code     0  startup_stm32f10x_md.o(.text)
    I2C1_EV_IRQHandler                       0x0800011b   Thumb Code     0  startup_stm32f10x_md.o(.text)
    I2C2_ER_IRQHandler                       0x0800011b   Thumb Code     0  startup_stm32f10x_md.o(.text)
    I2C2_EV_IRQHandler                       0x0800011b   Thumb Code     0  startup_stm32f10x_md.o(.text)
    PVD_IRQHandler                           0x0800011b   Thumb Code     0  startup_stm32f10x_md.o(.text)
    RCC_IRQHandler                           0x0800011b   Thumb Code     0  startup_stm32f10x_md.o(.text)
    RTCAlarm_IRQHandler                      0x0800011b   Thumb Code     0  startup_stm32f10x_md.o(.text)
    RTC_IRQHandler                           0x0800011b   Thumb Code     0  startup_stm32f10x_md.o(.text)
    SPI1_IRQHandler                          0x0800011b   Thumb Code     0  startup_stm32f10x_md.o(.text)
    SPI2_IRQHandler                          0x0800011b   Thumb Code     0  startup_stm32f10x_md.o(.text)
    TAMPER_IRQHandler                        0x0800011b   Thumb Code     0  startup_stm32f10x_md.o(.text)
    TIM1_BRK_IRQHandler                      0x0800011b   Thumb Code     0  startup_stm32f10x_md.o(.text)
    TIM1_CC_IRQHandler                       0x0800011b   Thumb Code     0  startup_stm32f10x_md.o(.text)
    TIM1_TRG_COM_IRQHandler                  0x0800011b   Thumb Code     0  startup_stm32f10x_md.o(.text)
    TIM1_UP_IRQHandler                       0x0800011b   Thumb Code     0  startup_stm32f10x_md.o(.text)
    TIM2_IRQHandler                          0x0800011b   Thumb Code     0  startup_stm32f10x_md.o(.text)
    USART1_IRQHandler                        0x0800011b   Thumb Code     0  startup_stm32f10x_md.o(.text)
    USART2_IRQHandler                        0x0800011b   Thumb Code     0  startup_stm32f10x_md.o(.text)
    USART3_IRQHandler                        0x0800011b   Thumb Code     0  startup_stm32f10x_md.o(.text)
    USBWakeUp_IRQHandler                     0x0800011b   Thumb Code     0  startup_stm32f10x_md.o(.text)
    USB_HP_CAN1_TX_IRQHandler                0x0800011b   Thumb Code     0  startup_stm32f10x_md.o(.text)
    USB_LP_CAN1_RX0_IRQHandler               0x0800011b   Thumb Code     0  startup_stm32f10x_md.o(.text)
    WWDG_IRQHandler                          0x0800011b   Thumb Code     0  startup_stm32f10x_md.o(.text)
    __aeabi_fadd                             0x08000125   Thumb Code   164  fadd.o(.text)
    __aeabi_fsub                             0x080001c9   Thumb Code     6  fadd.o(.text)
    __aeabi_frsub                            0x080001cf   Thumb Code     6  fadd.o(.text)
    __aeabi_dadd                             0x080001d5   Thumb Code   322  dadd.o(.text)
    __aeabi_dsub                             0x08000317   Thumb Code     6  dadd.o(.text)
    __aeabi_drsub                            0x0800031d   Thumb Code     6  dadd.o(.text)
    __aeabi_dmul                             0x08000323   Thumb Code   228  dmul.o(.text)
    __aeabi_ui2f                             0x08000407   Thumb Code    10  ffltui.o(.text)
    __aeabi_i2d                              0x08000411   Thumb Code    34  dflti.o(.text)
    __aeabi_f2iz                             0x08000433   Thumb Code    50  ffixi.o(.text)
    __aeabi_d2iz                             0x08000465   Thumb Code    62  dfixi.o(.text)
    __aeabi_llsl                             0x080004a3   Thumb Code    30  llshl.o(.text)
    _ll_shift_l                              0x080004a3   Thumb Code     0  llshl.o(.text)
    __aeabi_llsr                             0x080004c1   Thumb Code    32  llushr.o(.text)
    _ll_ushift_r                             0x080004c1   Thumb Code     0  llushr.o(.text)
    __aeabi_lasr                             0x080004e1   Thumb Code    36  llsshr.o(.text)
    _ll_sshift_r                             0x080004e1   Thumb Code     0  llsshr.o(.text)
    __I$use$fp                               0x08000505   Thumb Code     0  iusefp.o(.text)
    _float_round                             0x08000505   Thumb Code    18  fepilogue.o(.text)
    _float_epilogue                          0x08000517   Thumb Code    92  fepilogue.o(.text)
    _double_round                            0x08000573   Thumb Code    30  depilogue.o(.text)
    _double_epilogue                         0x08000591   Thumb Code   156  depilogue.o(.text)
    __scatterload                            0x0800062d   Thumb Code    28  init.o(.text)
    __scatterload_rt2                        0x0800062d   Thumb Code     0  init.o(.text)
    ADC1_2_IRQHandler                        0x08000651   Thumb Code     2  stm32f10x_it.o(i.ADC1_2_IRQHandler)
    BusFault_Handler                         0x08000653   Thumb Code     4  stm32f10x_it.o(i.BusFault_Handler)
    DebugMon_Handler                         0x08000657   Thumb Code     2  stm32f10x_it.o(i.DebugMon_Handler)
    Encoder_Configuration                    0x08000659   Thumb Code    88  encoder_configuration.o(i.Encoder_Configuration)
    Encoder_Reading                          0x080006b9   Thumb Code   154  user_interrupt.o(i.Encoder_Reading)
    Encoder_System_Configuration             0x08000771   Thumb Code   114  encoder_configuration.o(i.Encoder_System_Configuration)
    Encoder_pin_Configuraton                 0x080007f1   Thumb Code    32  gpio_configuration.o(i.Encoder_pin_Configuraton)
    GPIO_Init                                0x08000819   Thumb Code   278  stm32f10x_gpio.o(i.GPIO_Init)
    GPIO_ResetBits                           0x0800092f   Thumb Code     4  stm32f10x_gpio.o(i.GPIO_ResetBits)
    GPIO_SetBits                             0x08000933   Thumb Code     4  stm32f10x_gpio.o(i.GPIO_SetBits)
    HardFault_Handler                        0x08000937   Thumb Code     4  stm32f10x_it.o(i.HardFault_Handler)
    MemManage_Handler                        0x0800093b   Thumb Code     4  stm32f10x_it.o(i.MemManage_Handler)
    Motor_Speed_PID                          0x08000941   Thumb Code   146  user_interrupt.o(i.Motor_Speed_PID)
    Motor_pin_Configuration                  0x080009e9   Thumb Code    60  gpio_configuration.o(i.Motor_pin_Configuration)
    NMI_Handler                              0x08000a2d   Thumb Code     2  stm32f10x_it.o(i.NMI_Handler)
    NVIC_Configuration                       0x08000a31   Thumb Code    58  encoder_configuration.o(i.NVIC_Configuration)
    NVIC_Init                                0x08000a71   Thumb Code   100  misc.o(i.NVIC_Init)
    NVIC_PriorityGroupConfig                 0x08000ae1   Thumb Code    10  misc.o(i.NVIC_PriorityGroupConfig)
    PWM_Configuration                        0x08000af5   Thumb Code    84  dc_motor_control.o(i.PWM_Configuration)
    PWM_update                               0x08000b51   Thumb Code    58  dc_motor_control.o(i.PWM_update)
    PendSV_Handler                           0x08000b91   Thumb Code     2  stm32f10x_it.o(i.PendSV_Handler)
    RCC_APB1PeriphClockCmd                   0x08000b95   Thumb Code    26  stm32f10x_rcc.o(i.RCC_APB1PeriphClockCmd)
    RCC_APB1PeriphResetCmd                   0x08000bb5   Thumb Code    26  stm32f10x_rcc.o(i.RCC_APB1PeriphResetCmd)
    RCC_APB2PeriphClockCmd                   0x08000bd5   Thumb Code    26  stm32f10x_rcc.o(i.RCC_APB2PeriphClockCmd)
    RCC_APB2PeriphResetCmd                   0x08000bf5   Thumb Code    26  stm32f10x_rcc.o(i.RCC_APB2PeriphResetCmd)
    Run_Motor                                0x08000c15   Thumb Code    36  dc_motor_control.o(i.Run_Motor)
    SVC_Handler                              0x08000c3d   Thumb Code     2  stm32f10x_it.o(i.SVC_Handler)
    SysTick_Handler                          0x08000d29   Thumb Code     2  stm32f10x_it.o(i.SysTick_Handler)
    SystemInit                               0x08000d2d   Thumb Code    78  system_stm32f10x.o(i.SystemInit)
    TIM3_IRQHandler                          0x08000fcd   Thumb Code    32  user_interrupt.o(i.TIM3_IRQHandler)
    TIM4_IRQHandler                          0x08000ff5   Thumb Code    34  user_interrupt.o(i.TIM4_IRQHandler)
    TIM_ARRPreloadConfig                     0x0800101d   Thumb Code    24  stm32f10x_tim.o(i.TIM_ARRPreloadConfig)
    TIM_ClearFlag                            0x08001035   Thumb Code     6  stm32f10x_tim.o(i.TIM_ClearFlag)
    TIM_Cmd                                  0x0800103b   Thumb Code    24  stm32f10x_tim.o(i.TIM_Cmd)
    TIM_DeInit                               0x08001055   Thumb Code   424  stm32f10x_tim.o(i.TIM_DeInit)
    TIM_EncoderInterfaceConfig               0x0800123d   Thumb Code    66  stm32f10x_tim.o(i.TIM_EncoderInterfaceConfig)
    TIM_GetCounter                           0x0800127f   Thumb Code     6  stm32f10x_tim.o(i.TIM_GetCounter)
    TIM_GetITStatus                          0x08001285   Thumb Code    34  stm32f10x_tim.o(i.TIM_GetITStatus)
    TIM_ICInit                               0x080012a9   Thumb Code   150  stm32f10x_tim.o(i.TIM_ICInit)
    TIM_ITConfig                             0x08001355   Thumb Code    18  stm32f10x_tim.o(i.TIM_ITConfig)
    TIM_OC3Init                              0x08001369   Thumb Code   150  stm32f10x_tim.o(i.TIM_OC3Init)
    TIM_OC3PreloadConfig                     0x08001409   Thumb Code    18  stm32f10x_tim.o(i.TIM_OC3PreloadConfig)
    TIM_SetCounter                           0x0800141b   Thumb Code     4  stm32f10x_tim.o(i.TIM_SetCounter)
    TIM_SetIC1Prescaler                      0x0800141f   Thumb Code    18  stm32f10x_tim.o(i.TIM_SetIC1Prescaler)
    TIM_SetIC2Prescaler                      0x08001431   Thumb Code    26  stm32f10x_tim.o(i.TIM_SetIC2Prescaler)
    TIM_SetIC3Prescaler                      0x0800144b   Thumb Code    18  stm32f10x_tim.o(i.TIM_SetIC3Prescaler)
    TIM_SetIC4Prescaler                      0x0800145d   Thumb Code    26  stm32f10x_tim.o(i.TIM_SetIC4Prescaler)
    TIM_TimeBaseInit                         0x08001479   Thumb Code   122  stm32f10x_tim.o(i.TIM_TimeBaseInit)
    UsageFault_Handler                       0x0800151d   Thumb Code     4  stm32f10x_it.o(i.UsageFault_Handler)
    __scatterload_copy                       0x08001521   Thumb Code    14  handlers.o(i.__scatterload_copy)
    __scatterload_null                       0x0800152f   Thumb Code     2  handlers.o(i.__scatterload_null)
    __scatterload_zeroinit                   0x08001531   Thumb Code    14  handlers.o(i.__scatterload_zeroinit)
    main                                     0x0800153f   Thumb Code    30  main.o(i.main)
    Region$$Table$$Base                      0x0800155c   Number         0  anon$$obj.o(Region$$Table)
    Region$$Table$$Limit                     0x0800157c   Number         0  anon$$obj.o(Region$$Table)
    NVIC_InitStructure                       0x20000000   Data           4  main.o(.data)
    GPIO_InitStructure                       0x20000004   Data           4  main.o(.data)
    EXTI_InitStructure                       0x20000008   Data           8  main.o(.data)
    CCW                                      0x20000010   Data           1  user_interrupt.o(.data)
    Pulse_value                              0x20000012   Data           2  user_interrupt.o(.data)
    encoder_cnt                              0x20000014   Data           4  user_interrupt.o(.data)
    encoder_cnt_pre                          0x20000018   Data           4  user_interrupt.o(.data)
    total_pulse                              0x2000001c   Data           4  user_interrupt.o(.data)
    timer3_cnt_ovr                           0x20000020   Data           4  user_interrupt.o(.data)
    Kp                                       0x20000028   Data           8  user_interrupt.o(.data)
    Kd                                       0x20000030   Data           8  user_interrupt.o(.data)
    Ki                                       0x20000038   Data           8  user_interrupt.o(.data)
    pPart                                    0x20000040   Data           8  user_interrupt.o(.data)
    dPart                                    0x20000048   Data           8  user_interrupt.o(.data)
    iPart                                    0x20000050   Data           8  user_interrupt.o(.data)
    Vc                                       0x20000058   Data           8  user_interrupt.o(.data)
    Vc1                                      0x20000060   Data           8  user_interrupt.o(.data)
    Error                                    0x20000068   Data           8  user_interrupt.o(.data)
    Error_1                                  0x20000070   Data           8  user_interrupt.o(.data)
    Error_2                                  0x20000078   Data           8  user_interrupt.o(.data)
    u                                        0x20000080   Data           8  user_interrupt.o(.data)
    u_1                                      0x20000088   Data           8  user_interrupt.o(.data)
    PID_speed                                0x20000090   Data           8  user_interrupt.o(.data)
    rate                                     0x20000098   Data           4  user_interrupt.o(.data)
    actual_speed                             0x2000009c   Data           4  user_interrupt.o(.data)
    desired_speed                            0x200000a0   Data           4  user_interrupt.o(.data)
    control_speed                            0x200000a4   Data           4  user_interrupt.o(.data)
    desired_speed_1                          0x200000a8   Data           4  user_interrupt.o(.data)
    PWM_value                                0x200000ac   Data           4  user_interrupt.o(.data)
    TIM_TimeBaseInitStructure                0x200000b0   Data          10  main.o(.bss)
    TIM_OCInitStructure                      0x200000ba   Data          16  main.o(.bss)
    TIM_ICInitStructure                      0x200000ca   Data          10  main.o(.bss)
    __initial_sp                             0x200004d8   Data           0  startup_stm32f10x_md.o(STACK)



==============================================================================

Memory Map of the image

  Image Entry point : 0x080000ed

  Load Region LR_IROM1 (Base: 0x08000000, Size: 0x0000162c, Max: 0x00010000, ABSOLUTE)

    Execution Region ER_IROM1 (Base: 0x08000000, Size: 0x0000157c, Max: 0x00010000, ABSOLUTE)

    Base Addr    Size         Type   Attr      Idx    E Section Name        Object

    0x08000000   0x000000ec   Data   RO         1798    RESET               startup_stm32f10x_md.o
    0x080000ec   0x00000000   Code   RO         2003  * .ARM.Collect$$$$00000000  mc_w.l(entry.o)
    0x080000ec   0x00000004   Code   RO         2020    .ARM.Collect$$$$00000001  mc_w.l(entry2.o)
    0x080000f0   0x00000004   Code   RO         2023    .ARM.Collect$$$$00000004  mc_w.l(entry5.o)
    0x080000f4   0x00000000   Code   RO         2025    .ARM.Collect$$$$00000008  mc_w.l(entry7b.o)
    0x080000f4   0x00000000   Code   RO         2027    .ARM.Collect$$$$0000000A  mc_w.l(entry8b.o)
    0x080000f4   0x00000008   Code   RO         2028    .ARM.Collect$$$$0000000B  mc_w.l(entry9a.o)
    0x080000fc   0x00000000   Code   RO         2030    .ARM.Collect$$$$0000000D  mc_w.l(entry10a.o)
    0x080000fc   0x00000000   Code   RO         2032    .ARM.Collect$$$$0000000F  mc_w.l(entry11a.o)
    0x080000fc   0x00000004   Code   RO         2021    .ARM.Collect$$$$00002712  mc_w.l(entry2.o)
    0x08000100   0x00000024   Code   RO         1799    .text               startup_stm32f10x_md.o
    0x08000124   0x000000b0   Code   RO         2006    .text               mf_w.l(fadd.o)
    0x080001d4   0x0000014e   Code   RO         2008    .text               mf_w.l(dadd.o)
    0x08000322   0x000000e4   Code   RO         2010    .text               mf_w.l(dmul.o)
    0x08000406   0x0000000a   Code   RO         2012    .text               mf_w.l(ffltui.o)
    0x08000410   0x00000022   Code   RO         2014    .text               mf_w.l(dflti.o)
    0x08000432   0x00000032   Code   RO         2016    .text               mf_w.l(ffixi.o)
    0x08000464   0x0000003e   Code   RO         2018    .text               mf_w.l(dfixi.o)
    0x080004a2   0x0000001e   Code   RO         2034    .text               mc_w.l(llshl.o)
    0x080004c0   0x00000020   Code   RO         2036    .text               mc_w.l(llushr.o)
    0x080004e0   0x00000024   Code   RO         2038    .text               mc_w.l(llsshr.o)
    0x08000504   0x00000000   Code   RO         2040    .text               mc_w.l(iusefp.o)
    0x08000504   0x0000006e   Code   RO         2041    .text               mf_w.l(fepilogue.o)
    0x08000572   0x000000ba   Code   RO         2043    .text               mf_w.l(depilogue.o)
    0x0800062c   0x00000024   Code   RO         2045    .text               mc_w.l(init.o)
    0x08000650   0x00000002   Code   RO          133    i.ADC1_2_IRQHandler  stm32f10x_it.o
    0x08000652   0x00000004   Code   RO          134    i.BusFault_Handler  stm32f10x_it.o
    0x08000656   0x00000002   Code   RO          135    i.DebugMon_Handler  stm32f10x_it.o
    0x08000658   0x00000060   Code   RO         1864    i.Encoder_Configuration  encoder_configuration.o
    0x080006b8   0x000000b8   Code   RO         1969    i.Encoder_Reading   user_interrupt.o
    0x08000770   0x00000080   Code   RO         1865    i.Encoder_System_Configuration  encoder_configuration.o
    0x080007f0   0x00000028   Code   RO         1889    i.Encoder_pin_Configuraton  gpio_configuration.o
    0x08000818   0x00000116   Code   RO          574    i.GPIO_Init         stm32f10x_gpio.o
    0x0800092e   0x00000004   Code   RO          581    i.GPIO_ResetBits    stm32f10x_gpio.o
    0x08000932   0x00000004   Code   RO          582    i.GPIO_SetBits      stm32f10x_gpio.o
    0x08000936   0x00000004   Code   RO          136    i.HardFault_Handler  stm32f10x_it.o
    0x0800093a   0x00000004   Code   RO          137    i.MemManage_Handler  stm32f10x_it.o
    0x0800093e   0x00000002   PAD
    0x08000940   0x000000a8   Code   RO         1970    i.Motor_Speed_PID   user_interrupt.o
    0x080009e8   0x00000044   Code   RO         1891    i.Motor_pin_Configuration  gpio_configuration.o
    0x08000a2c   0x00000002   Code   RO          138    i.NMI_Handler       stm32f10x_it.o
    0x08000a2e   0x00000002   PAD
    0x08000a30   0x00000040   Code   RO         1866    i.NVIC_Configuration  encoder_configuration.o
    0x08000a70   0x00000070   Code   RO          256    i.NVIC_Init         misc.o
    0x08000ae0   0x00000014   Code   RO          257    i.NVIC_PriorityGroupConfig  misc.o
    0x08000af4   0x0000005c   Code   RO         1804    i.PWM_Configuration  dc_motor_control.o
    0x08000b50   0x00000040   Code   RO         1805    i.PWM_update        dc_motor_control.o
    0x08000b90   0x00000002   Code   RO          139    i.PendSV_Handler    stm32f10x_it.o
    0x08000b92   0x00000002   PAD
    0x08000b94   0x00000020   Code   RO          684    i.RCC_APB1PeriphClockCmd  stm32f10x_rcc.o
    0x08000bb4   0x00000020   Code   RO          685    i.RCC_APB1PeriphResetCmd  stm32f10x_rcc.o
    0x08000bd4   0x00000020   Code   RO          686    i.RCC_APB2PeriphClockCmd  stm32f10x_rcc.o
    0x08000bf4   0x00000020   Code   RO          687    i.RCC_APB2PeriphResetCmd  stm32f10x_rcc.o
    0x08000c14   0x00000028   Code   RO         1806    i.Run_Motor         dc_motor_control.o
    0x08000c3c   0x00000002   Code   RO          140    i.SVC_Handler       stm32f10x_it.o
    0x08000c3e   0x00000008   Code   RO          211    i.SetSysClock       system_stm32f10x.o
    0x08000c46   0x00000002   PAD
    0x08000c48   0x000000e0   Code   RO          212    i.SetSysClockTo72   system_stm32f10x.o
    0x08000d28   0x00000002   Code   RO          141    i.SysTick_Handler   stm32f10x_it.o
    0x08000d2a   0x00000002   PAD
    0x08000d2c   0x00000060   Code   RO          214    i.SystemInit        system_stm32f10x.o
    0x08000d8c   0x00000080   Code   RO         1068    i.TI1_Config        stm32f10x_tim.o
    0x08000e0c   0x00000098   Code   RO         1069    i.TI2_Config        stm32f10x_tim.o
    0x08000ea4   0x00000090   Code   RO         1070    i.TI3_Config        stm32f10x_tim.o
    0x08000f34   0x00000098   Code   RO         1071    i.TI4_Config        stm32f10x_tim.o
    0x08000fcc   0x00000028   Code   RO         1971    i.TIM3_IRQHandler   user_interrupt.o
    0x08000ff4   0x00000028   Code   RO         1972    i.TIM4_IRQHandler   user_interrupt.o
    0x0800101c   0x00000018   Code   RO         1072    i.TIM_ARRPreloadConfig  stm32f10x_tim.o
    0x08001034   0x00000006   Code   RO         1078    i.TIM_ClearFlag     stm32f10x_tim.o
    0x0800103a   0x00000018   Code   RO         1084    i.TIM_Cmd           stm32f10x_tim.o
    0x08001052   0x00000002   PAD
    0x08001054   0x000001e8   Code   RO         1089    i.TIM_DeInit        stm32f10x_tim.o
    0x0800123c   0x00000042   Code   RO         1093    i.TIM_EncoderInterfaceConfig  stm32f10x_tim.o
    0x0800127e   0x00000006   Code   RO         1103    i.TIM_GetCounter    stm32f10x_tim.o
    0x08001284   0x00000022   Code   RO         1105    i.TIM_GetITStatus   stm32f10x_tim.o
    0x080012a6   0x00000002   PAD
    0x080012a8   0x000000ac   Code   RO         1107    i.TIM_ICInit        stm32f10x_tim.o
    0x08001354   0x00000012   Code   RO         1109    i.TIM_ITConfig      stm32f10x_tim.o
    0x08001366   0x00000002   PAD
    0x08001368   0x000000a0   Code   RO         1123    i.TIM_OC3Init       stm32f10x_tim.o
    0x08001408   0x00000012   Code   RO         1126    i.TIM_OC3PreloadConfig  stm32f10x_tim.o
    0x0800141a   0x00000004   Code   RO         1149    i.TIM_SetCounter    stm32f10x_tim.o
    0x0800141e   0x00000012   Code   RO         1150    i.TIM_SetIC1Prescaler  stm32f10x_tim.o
    0x08001430   0x0000001a   Code   RO         1151    i.TIM_SetIC2Prescaler  stm32f10x_tim.o
    0x0800144a   0x00000012   Code   RO         1152    i.TIM_SetIC3Prescaler  stm32f10x_tim.o
    0x0800145c   0x0000001a   Code   RO         1153    i.TIM_SetIC4Prescaler  stm32f10x_tim.o
    0x08001476   0x00000002   PAD
    0x08001478   0x000000a4   Code   RO         1155    i.TIM_TimeBaseInit  stm32f10x_tim.o
    0x0800151c   0x00000004   Code   RO          142    i.UsageFault_Handler  stm32f10x_it.o
    0x08001520   0x0000000e   Code   RO         2049    i.__scatterload_copy  mc_w.l(handlers.o)
    0x0800152e   0x00000002   Code   RO         2050    i.__scatterload_null  mc_w.l(handlers.o)
    0x08001530   0x0000000e   Code   RO         2051    i.__scatterload_zeroinit  mc_w.l(handlers.o)
    0x0800153e   0x0000001e   Code   RO            1    i.main              main.o
    0x0800155c   0x00000020   Data   RO         2047    Region$$Table       anon$$obj.o


    Execution Region RW_IRAM1 (Base: 0x20000000, Size: 0x000004d8, Max: 0x00005000, ABSOLUTE)

    Base Addr    Size         Type   Attr      Idx    E Section Name        Object

    0x20000000   0x00000010   Data   RW            3    .data               main.o
    0x20000010   0x000000a0   Data   RW         1974    .data               user_interrupt.o
    0x200000b0   0x00000024   Zero   RW            2    .bss                main.o
    0x200000d4   0x00000004   PAD
    0x200000d8   0x00000400   Zero   RW         1796    STACK               startup_stm32f10x_md.o


==============================================================================

Image component sizes


      Code (inc. data)   RO Data    RW Data    ZI Data      Debug   Object Name

         0          0          0          0          0         32   core_cm3.o
       196         18          0          0          0       1777   dc_motor_control.o
       288         28          0          0          0       1772   encoder_configuration.o
       108         16          0          0          0       1125   gpio_configuration.o
        30          0          0         16         36     240880   main.o
       132         22          0          0          0       1731   misc.o
        36          8        236          0       1024        912   startup_stm32f10x_md.o
       286          0          0          0          0       3292   stm32f10x_gpio.o
        28          0          0          0          0       4518   stm32f10x_it.o
       128         24          0          0          0       2516   stm32f10x_rcc.o
      1848        224          0          0          0      15395   stm32f10x_tim.o
       328         28          0          0          0       2009   system_stm32f10x.o
       432         66          0        160          0       4217   user_interrupt.o

    ----------------------------------------------------------------------
      3858        434        268        176       1064     280176   Object Totals
         0          0         32          0          0          0   (incl. Generated)
        18          0          0          0          4          0   (incl. Padding)

    ----------------------------------------------------------------------

      Code (inc. data)   RO Data    RW Data    ZI Data      Debug   Library Member Name

         0          0          0          0          0          0   entry.o
         0          0          0          0          0          0   entry10a.o
         0          0          0          0          0          0   entry11a.o
         8          4          0          0          0          0   entry2.o
         4          0          0          0          0          0   entry5.o
         0          0          0          0          0          0   entry7b.o
         0          0          0          0          0          0   entry8b.o
         8          4          0          0          0          0   entry9a.o
        30          0          0          0          0          0   handlers.o
        36          8          0          0          0         68   init.o
         0          0          0          0          0          0   iusefp.o
        30          0          0          0          0         68   llshl.o
        36          0          0          0          0         68   llsshr.o
        32          0          0          0          0         68   llushr.o
       334          0          0          0          0        148   dadd.o
       186          0          0          0          0        176   depilogue.o
        62          0          0          0          0         80   dfixi.o
        34          0          0          0          0         76   dflti.o
       228          0          0          0          0         96   dmul.o
       176          0          0          0          0        140   fadd.o
       110          0          0          0          0        168   fepilogue.o
        50          0          0          0          0         68   ffixi.o
        10          0          0          0          0         68   ffltui.o

    ----------------------------------------------------------------------
      1374         16          0          0          0       1292   Library Totals
         0          0          0          0          0          0   (incl. Padding)

    ----------------------------------------------------------------------

      Code (inc. data)   RO Data    RW Data    ZI Data      Debug   Library Name

       184         16          0          0          0        272   mc_w.l
      1190          0          0          0          0       1020   mf_w.l

    ----------------------------------------------------------------------
      1374         16          0          0          0       1292   Library Totals

    ----------------------------------------------------------------------

==============================================================================


      Code (inc. data)   RO Data    RW Data    ZI Data      Debug   

      5232        450        268        176       1064     278344   Grand Totals
      5232        450        268        176       1064     278344   ELF Image Totals
      5232        450        268        176          0          0   ROM Totals

==============================================================================

    Total RO  Size (Code + RO Data)                 5500 (   5.37kB)
    Total RW  Size (RW Data + ZI Data)              1240 (   1.21kB)
    Total ROM Size (Code + RO Data + RW Data)       5676 (   5.54kB)

==============================================================================

